Jul 28 23:49:11 debian kernel: imklog 5.8.11, log source = /proc/kmsg started.
Jul 28 23:49:12 debian kernel: [    0.000000] Initializing cgroup subsys cpuset
Jul 28 23:49:12 debian kernel: [    0.000000] Initializing cgroup subsys cpu
Jul 28 23:49:12 debian kernel: [    0.000000] Linux version 3.2.0-4-686-pae (debian-kernel@lists.debian.org) (gcc version 4.6.3 (Debian 4.6.3-14) ) #1 SMP Debian 3.2.68-1+deb7u2
Jul 28 23:49:12 debian kernel: [    0.000000] BIOS-provided physical RAM map:
Jul 28 23:49:12 debian kernel: [    0.000000]  BIOS-e820: 0000000000000000 - 000000000009fc00 (usable)
Jul 28 23:49:12 debian kernel: [    0.000000]  BIOS-e820: 000000000009fc00 - 00000000000a0000 (reserved)
Jul 28 23:49:12 debian kernel: [    0.000000]  BIOS-e820: 00000000000f0000 - 0000000000100000 (reserved)
Jul 28 23:49:12 debian kernel: [    0.000000]  BIOS-e820: 0000000000100000 - 0000000007fe0000 (usable)
Jul 28 23:49:12 debian kernel: [    0.000000]  BIOS-e820: 0000000007fe0000 - 0000000008000000 (reserved)
Jul 28 23:49:12 debian kernel: [    0.000000]  BIOS-e820: 00000000fffc0000 - 0000000100000000 (reserved)
Jul 28 23:49:12 debian kernel: [    0.000000] Notice: NX (Execute Disable) protection missing in CPU!
Jul 28 23:49:12 debian kernel: [    0.000000] SMBIOS 2.8 present.
Jul 28 23:49:12 debian kernel: [    0.000000] DMI: QEMU Standard PC (i440FX + PIIX, 1996), BIOS 1.7.5-20150306_163512-brownie 04/01/2014
Jul 28 23:49:12 debian kernel: [    0.000000] e820 update range: 0000000000000000 - 0000000000010000 (usable) ==> (reserved)
Jul 28 23:49:12 debian kernel: [    0.000000] e820 remove range: 00000000000a0000 - 0000000000100000 (usable)
Jul 28 23:49:12 debian kernel: [    0.000000] last_pfn = 0x7fe0 max_arch_pfn = 0x1000000
Jul 28 23:49:12 debian kernel: [    0.000000] found SMP MP-table at [c00f1090] f1090
Jul 28 23:49:12 debian kernel: [    0.000000] initial memory mapped : 0 - 01a00000
Jul 28 23:49:12 debian kernel: [    0.000000] Base memory trampoline at [c009b000] 9b000 size 16384
Jul 28 23:49:12 debian kernel: [    0.000000] init_memory_mapping: 0000000000000000-0000000007fe0000
Jul 28 23:49:12 debian kernel: [    0.000000]  0000000000 - 0000200000 page 4k
Jul 28 23:49:12 debian kernel: [    0.000000]  0000200000 - 0007e00000 page 2M
Jul 28 23:49:12 debian kernel: [    0.000000]  0007e00000 - 0007fe0000 page 4k
Jul 28 23:49:12 debian kernel: [    0.000000] kernel direct mapping tables up to 7fe0000 @ 19f9000-1a00000
Jul 28 23:49:12 debian kernel: [    0.000000] RAMDISK: 06dcd000 - 0777d000
Jul 28 23:49:12 debian kernel: [    0.000000] ACPI: RSDP 000f0ea0 00014 (v00 BOCHS )
Jul 28 23:49:12 debian kernel: [    0.000000] ACPI: RSDT 07fe1853 00034 (v01 BOCHS  BXPCRSDT 00000001 BXPC 00000001)
Jul 28 23:49:12 debian kernel: [    0.000000] ACPI: FACP 07fe0e48 00074 (v01 BOCHS  BXPCFACP 00000001 BXPC 00000001)
Jul 28 23:49:12 debian kernel: [    0.000000] ACPI: DSDT 07fe0040 00E08 (v01 BOCHS  BXPCDSDT 00000001 BXPC 00000001)
Jul 28 23:49:12 debian kernel: [    0.000000] ACPI: FACS 07fe0000 00040
Jul 28 23:49:12 debian kernel: [    0.000000] ACPI: SSDT 07fe0ebc 008E7 (v01 BOCHS  BXPCSSDT 00000001 BXPC 00000001)
Jul 28 23:49:12 debian kernel: [    0.000000] ACPI: APIC 07fe17a3 00078 (v01 BOCHS  BXPCAPIC 00000001 BXPC 00000001)
Jul 28 23:49:12 debian kernel: [    0.000000] ACPI: HPET 07fe181b 00038 (v01 BOCHS  BXPCHPET 00000001 BXPC 00000001)
Jul 28 23:49:12 debian kernel: [    0.000000] ACPI: Local APIC address 0xfee00000
Jul 28 23:49:12 debian kernel: [    0.000000] 0MB HIGHMEM available.
Jul 28 23:49:12 debian kernel: [    0.000000] 127MB LOWMEM available.
Jul 28 23:49:12 debian kernel: [    0.000000]   mapped low ram: 0 - 07fe0000
Jul 28 23:49:12 debian kernel: [    0.000000]   low ram: 0 - 07fe0000
Jul 28 23:49:12 debian kernel: [    0.000000] Zone PFN ranges:
Jul 28 23:49:12 debian kernel: [    0.000000]   DMA      0x00000010 -> 0x00001000
Jul 28 23:49:12 debian kernel: [    0.000000]   Normal   0x00001000 -> 0x00007fe0
Jul 28 23:49:12 debian kernel: [    0.000000]   HighMem  empty
Jul 28 23:49:12 debian kernel: [    0.000000] Movable zone start PFN for each node
Jul 28 23:49:12 debian kernel: [    0.000000] early_node_map[2] active PFN ranges
Jul 28 23:49:12 debian kernel: [    0.000000]     0: 0x00000010 -> 0x0000009f
Jul 28 23:49:12 debian kernel: [    0.000000]     0: 0x00000100 -> 0x00007fe0
Jul 28 23:49:12 debian kernel: [    0.000000] On node 0 totalpages: 32623
Jul 28 23:49:12 debian kernel: [    0.000000] free_area_init_node: node 0, pgdat c1414800, node_mem_map c7edf200
Jul 28 23:49:12 debian kernel: [    0.000000]   DMA zone: 32 pages used for memmap
Jul 28 23:49:12 debian kernel: [    0.000000]   DMA zone: 0 pages reserved
Jul 28 23:49:12 debian kernel: [    0.000000]   DMA zone: 3951 pages, LIFO batch:0
Jul 28 23:49:12 debian kernel: [    0.000000]   Normal zone: 224 pages used for memmap
Jul 28 23:49:12 debian kernel: [    0.000000]   Normal zone: 28416 pages, LIFO batch:7
Jul 28 23:49:12 debian kernel: [    0.000000] Using APIC driver default
Jul 28 23:49:12 debian kernel: [    0.000000] ACPI: PM-Timer IO Port: 0x608
Jul 28 23:49:12 debian kernel: [    0.000000] ACPI: Local APIC address 0xfee00000
Jul 28 23:49:12 debian kernel: [    0.000000] ACPI: LAPIC (acpi_id[0x00] lapic_id[0x00] enabled)
Jul 28 23:49:12 debian kernel: [    0.000000] ACPI: LAPIC_NMI (acpi_id[0xff] dfl dfl lint[0x1])
Jul 28 23:49:12 debian kernel: [    0.000000] ACPI: IOAPIC (id[0x00] address[0xfec00000] gsi_base[0])
Jul 28 23:49:12 debian kernel: [    0.000000] IOAPIC[0]: apic_id 0, version 17, address 0xfec00000, GSI 0-23
Jul 28 23:49:12 debian kernel: [    0.000000] ACPI: INT_SRC_OVR (bus 0 bus_irq 0 global_irq 2 dfl dfl)
Jul 28 23:49:12 debian kernel: [    0.000000] ACPI: INT_SRC_OVR (bus 0 bus_irq 5 global_irq 5 high level)
Jul 28 23:49:12 debian kernel: [    0.000000] ACPI: INT_SRC_OVR (bus 0 bus_irq 9 global_irq 9 high level)
Jul 28 23:49:12 debian kernel: [    0.000000] ACPI: INT_SRC_OVR (bus 0 bus_irq 10 global_irq 10 high level)
Jul 28 23:49:12 debian kernel: [    0.000000] ACPI: INT_SRC_OVR (bus 0 bus_irq 11 global_irq 11 high level)
Jul 28 23:49:12 debian kernel: [    0.000000] ACPI: IRQ0 used by override.
Jul 28 23:49:12 debian kernel: [    0.000000] ACPI: IRQ2 used by override.
Jul 28 23:49:12 debian kernel: [    0.000000] ACPI: IRQ5 used by override.
Jul 28 23:49:12 debian kernel: [    0.000000] ACPI: IRQ9 used by override.
Jul 28 23:49:12 debian kernel: [    0.000000] ACPI: IRQ10 used by override.
Jul 28 23:49:12 debian kernel: [    0.000000] ACPI: IRQ11 used by override.
Jul 28 23:49:12 debian kernel: [    0.000000] Using ACPI (MADT) for SMP configuration information
Jul 28 23:49:12 debian kernel: [    0.000000] ACPI: HPET id: 0x8086a201 base: 0xfed00000
Jul 28 23:49:12 debian kernel: [    0.000000] SMP: Allowing 1 CPUs, 0 hotplug CPUs
Jul 28 23:49:12 debian kernel: [    0.000000] nr_irqs_gsi: 40
Jul 28 23:49:12 debian kernel: [    0.000000] PM: Registered nosave memory: 000000000009f000 - 00000000000a0000
Jul 28 23:49:12 debian kernel: [    0.000000] PM: Registered nosave memory: 00000000000a0000 - 00000000000f0000
Jul 28 23:49:12 debian kernel: [    0.000000] PM: Registered nosave memory: 00000000000f0000 - 0000000000100000
Jul 28 23:49:12 debian kernel: [    0.000000] Allocating PCI resources starting at 8000000 (gap: 8000000:f7fc0000)
Jul 28 23:49:12 debian kernel: [    0.000000] Booting paravirtualized kernel on bare hardware
Jul 28 23:49:12 debian kernel: [    0.000000] setup_percpu: NR_CPUS:32 nr_cpumask_bits:32 nr_cpu_ids:1 nr_node_ids:1
Jul 28 23:49:12 debian kernel: [    0.000000] PERCPU: Embedded 14 pages/cpu @c7ece000 s33344 r0 d24000 u57344
Jul 28 23:49:12 debian kernel: [    0.000000] pcpu-alloc: s33344 r0 d24000 u57344 alloc=14*4096
Jul 28 23:49:12 debian kernel: [    0.000000] pcpu-alloc: [0] 0 
Jul 28 23:49:12 debian kernel: [    0.000000] Built 1 zonelists in Zone order, mobility grouping on.  Total pages: 32367
Jul 28 23:49:12 debian kernel: [    0.000000] Kernel command line: BOOT_IMAGE=/boot/vmlinuz-3.2.0-4-686-pae root=UUID=48d04725-059b-4d04-ae38-e92660528d27 ro quiet
Jul 28 23:49:12 debian kernel: [    0.000000] PID hash table entries: 512 (order: -1, 2048 bytes)
Jul 28 23:49:12 debian kernel: [    0.000000] Dentry cache hash table entries: 16384 (order: 4, 65536 bytes)
Jul 28 23:49:12 debian kernel: [    0.000000] Inode-cache hash table entries: 8192 (order: 3, 32768 bytes)
Jul 28 23:49:12 debian kernel: [    0.000000] Initializing CPU#0
Jul 28 23:49:12 debian kernel: [    0.000000] Initializing HighMem for node 0 (00000000:00000000)
Jul 28 23:49:12 debian kernel: [    0.000000] Memory: 114116k/130944k available (2860k kernel code, 16376k reserved, 1348k data, 424k init, 0k highmem)
Jul 28 23:49:12 debian kernel: [    0.000000] virtual kernel memory layout:
Jul 28 23:49:12 debian kernel: [    0.000000]     fixmap  : 0xffd36000 - 0xfffff000   (2852 kB)
Jul 28 23:49:12 debian kernel: [    0.000000]     pkmap   : 0xffa00000 - 0xffc00000   (2048 kB)
Jul 28 23:49:12 debian kernel: [    0.000000]     vmalloc : 0xc87e0000 - 0xff9fe000   ( 882 MB)
Jul 28 23:49:12 debian kernel: [    0.000000]     lowmem  : 0xc0000000 - 0xc7fe0000   ( 127 MB)
Jul 28 23:49:12 debian kernel: [    0.000000]       .init : 0xc141d000 - 0xc1487000   ( 424 kB)
Jul 28 23:49:12 debian kernel: [    0.000000]       .data : 0xc12cb100 - 0xc141c200   (1348 kB)
Jul 28 23:49:12 debian kernel: [    0.000000]       .text : 0xc1000000 - 0xc12cb100   (2860 kB)
Jul 28 23:49:12 debian kernel: [    0.000000] Checking if this processor honours the WP bit even in supervisor mode...Ok.
Jul 28 23:49:12 debian kernel: [    0.000000] Hierarchical RCU implementation.
Jul 28 23:49:12 debian kernel: [    0.000000] 	RCU dyntick-idle grace-period acceleration is enabled.
Jul 28 23:49:12 debian kernel: [    0.000000] NR_IRQS:2304 nr_irqs:256 16
Jul 28 23:49:12 debian kernel: [    0.000000] CPU 0 irqstacks, hard=c7806000 soft=c7808000
Jul 28 23:49:12 debian kernel: [    0.000000] Console: colour VGA+ 80x25
Jul 28 23:49:12 debian kernel: [    0.000000] console [tty0] enabled
Jul 28 23:49:12 debian kernel: [    0.000000] hpet clockevent registered
Jul 28 23:49:12 debian kernel: [    0.000000] Fast TSC calibration using PIT
Jul 28 23:49:12 debian kernel: [    0.000000] Detected 2294.306 MHz processor.
Jul 28 23:49:12 debian kernel: [    0.004380] Calibrating delay loop (skipped), value calculated using timer frequency.. 4588.61 BogoMIPS (lpj=9177224)
Jul 28 23:49:12 debian kernel: [    0.008147] pid_max: default: 32768 minimum: 301
Jul 28 23:49:12 debian kernel: [    0.008896] Security Framework initialized
Jul 28 23:49:12 debian kernel: [    0.009894] AppArmor: AppArmor disabled by boot time parameter
Jul 28 23:49:12 debian kernel: [    0.010287] Mount-cache hash table entries: 512
Jul 28 23:49:12 debian kernel: [    0.017887] Initializing cgroup subsys cpuacct
Jul 28 23:49:12 debian kernel: [    0.018133] Initializing cgroup subsys memory
Jul 28 23:49:12 debian kernel: [    0.018567] Initializing cgroup subsys devices
Jul 28 23:49:12 debian kernel: [    0.018640] Initializing cgroup subsys freezer
Jul 28 23:49:12 debian kernel: [    0.018683] Initializing cgroup subsys net_cls
Jul 28 23:49:12 debian kernel: [    0.018727] Initializing cgroup subsys blkio
Jul 28 23:49:12 debian kernel: [    0.018805] Initializing cgroup subsys perf_event
Jul 28 23:49:12 debian kernel: [    0.021746] SMP alternatives: switching to UP code
Jul 28 23:49:12 debian kernel: [    0.045893] Freeing SMP alternatives: 8k freed
Jul 28 23:49:12 debian kernel: [    0.046137] ACPI: Core revision 20110623
Jul 28 23:49:12 debian kernel: [    0.074507] Enabling APIC mode:  Flat.  Using 1 I/O APICs
Jul 28 23:49:12 debian kernel: [    0.077214] ..TIMER: vector=0x30 apic1=0 pin1=2 apic2=-1 pin2=-1
Jul 28 23:49:12 debian kernel: [    0.117377] CPU0: Intel QEMU Virtual CPU version 2.2.0 stepping 03
Jul 28 23:49:12 debian kernel: [    0.120006] Performance Events: Broken PMU hardware detected, using software events only.
Jul 28 23:49:12 debian kernel: [    0.122156] NMI watchdog disabled (cpu0): hardware events not enabled
Jul 28 23:49:12 debian kernel: [    0.122858] Brought up 1 CPUs
Jul 28 23:49:12 debian kernel: [    0.122941] Total of 1 processors activated (4588.61 BogoMIPS).
Jul 28 23:49:12 debian kernel: [    0.132714] devtmpfs: initialized
Jul 28 23:49:12 debian kernel: [    0.142104] print_constraints: dummy: 
Jul 28 23:49:12 debian kernel: [    0.143659] NET: Registered protocol family 16
Jul 28 23:49:12 debian kernel: [    0.147206] ACPI: bus type pci registered
Jul 28 23:49:12 debian kernel: [    0.149998] PCI: PCI BIOS revision 2.10 entry at 0xfd424, last bus=0
Jul 28 23:49:12 debian kernel: [    0.150070] PCI: Using configuration type 1 for base access
Jul 28 23:49:12 debian kernel: [    0.159317] bio: create slab <bio-0> at 0
Jul 28 23:49:12 debian kernel: [    0.161566] ACPI: Added _OSI(Module Device)
Jul 28 23:49:12 debian kernel: [    0.161601] ACPI: Added _OSI(Processor Device)
Jul 28 23:49:12 debian kernel: [    0.161621] ACPI: Added _OSI(3.0 _SCP Extensions)
Jul 28 23:49:12 debian kernel: [    0.161641] ACPI: Added _OSI(Processor Aggregator Device)
Jul 28 23:49:12 debian kernel: [    0.167666] ACPI: EC: Look up EC in DSDT
Jul 28 23:49:12 debian kernel: [    0.187645] ACPI: Interpreter enabled
Jul 28 23:49:12 debian kernel: [    0.187697] ACPI: (supports S0 S3 S4 S5)
Jul 28 23:49:12 debian kernel: [    0.188510] ACPI: Using IOAPIC for interrupt routing
Jul 28 23:49:12 debian kernel: [    0.230749] ACPI: No dock devices found.
Jul 28 23:49:12 debian kernel: [    0.230816] HEST: Table not found.
Jul 28 23:49:12 debian kernel: [    0.230912] PCI: Using host bridge windows from ACPI; if necessary, use "pci=nocrs" and report a bug
Jul 28 23:49:12 debian kernel: [    0.233767] ACPI: PCI Root Bridge [PCI0] (domain 0000 [bus 00-ff])
Jul 28 23:49:12 debian kernel: [    0.236767] pci_root PNP0A03:00: host bridge window [io  0x0000-0x0cf7]
Jul 28 23:49:12 debian kernel: [    0.236826] pci_root PNP0A03:00: host bridge window [io  0x0d00-0xadff]
Jul 28 23:49:12 debian kernel: [    0.236851] pci_root PNP0A03:00: host bridge window [io  0xae0f-0xaeff]
Jul 28 23:49:12 debian kernel: [    0.236875] pci_root PNP0A03:00: host bridge window [io  0xaf20-0xafdf]
Jul 28 23:49:12 debian kernel: [    0.236899] pci_root PNP0A03:00: host bridge window [io  0xafe4-0xffff]
Jul 28 23:49:12 debian kernel: [    0.236968] pci_root PNP0A03:00: host bridge window [mem 0x000a0000-0x000bffff]
Jul 28 23:49:12 debian kernel: [    0.236995] pci_root PNP0A03:00: host bridge window [mem 0x08000000-0xfebfffff]
Jul 28 23:49:12 debian kernel: [    0.238256] pci 0000:00:00.0: [8086:1237] type 0 class 0x000600
Jul 28 23:49:12 debian kernel: [    0.239484] pci 0000:00:01.0: [8086:7000] type 0 class 0x000601
Jul 28 23:49:12 debian kernel: [    0.239790] pci 0000:00:01.1: [8086:7010] type 0 class 0x000101
Jul 28 23:49:12 debian kernel: [    0.242093] pci 0000:00:01.1: reg 20: [io  0xc040-0xc04f]
Jul 28 23:49:12 debian kernel: [    0.243159] pci 0000:00:01.3: [8086:7113] type 0 class 0x000680
Jul 28 23:49:12 debian kernel: [    0.243550] pci 0000:00:01.3: quirk: [io  0x0600-0x063f] claimed by PIIX4 ACPI
Jul 28 23:49:12 debian kernel: [    0.243607] pci 0000:00:01.3: quirk: [io  0x0700-0x070f] claimed by PIIX4 SMB
Jul 28 23:49:12 debian kernel: [    0.243775] pci 0000:00:02.0: [1234:1111] type 0 class 0x000300
Jul 28 23:49:12 debian kernel: [    0.244521] pci 0000:00:02.0: reg 10: [mem 0xfd000000-0xfdffffff pref]
Jul 28 23:49:12 debian kernel: [    0.246180] pci 0000:00:02.0: reg 18: [mem 0xfebf0000-0xfebf0fff]
Jul 28 23:49:12 debian kernel: [    0.249710] pci 0000:00:02.0: reg 30: [mem 0xfebe0000-0xfebeffff pref]
Jul 28 23:49:12 debian kernel: [    0.249826] pci 0000:00:03.0: [8086:100e] type 0 class 0x000200
Jul 28 23:49:12 debian kernel: [    0.250648] pci 0000:00:03.0: reg 10: [mem 0xfebc0000-0xfebdffff]
Jul 28 23:49:12 debian kernel: [    0.251462] pci 0000:00:03.0: reg 14: [io  0xc000-0xc03f]
Jul 28 23:49:12 debian kernel: [    0.255552] pci 0000:00:03.0: reg 30: [mem 0xfeb80000-0xfebbffff pref]
Jul 28 23:49:12 debian kernel: [    0.256306] pci_bus 0000:00: on NUMA node 0
Jul 28 23:49:12 debian kernel: [    0.256432] ACPI: PCI Interrupt Routing Table [\_SB_.PCI0._PRT]
Jul 28 23:49:12 debian kernel: [    0.815616]  pci0000:00: Unable to request _OSC control (_OSC support mask: 0x1e)
Jul 28 23:49:12 debian kernel: [    0.842966] ACPI: PCI Interrupt Link [LNKA] (IRQs 5 *10 11)
Jul 28 23:49:12 debian kernel: [    0.843766] ACPI: PCI Interrupt Link [LNKB] (IRQs 5 *10 11)
Jul 28 23:49:12 debian kernel: [    0.844478] ACPI: PCI Interrupt Link [LNKC] (IRQs 5 10 *11)
Jul 28 23:49:12 debian kernel: [    0.845021] ACPI: PCI Interrupt Link [LNKD] (IRQs 5 10 *11)
Jul 28 23:49:12 debian kernel: [    0.845320] ACPI: PCI Interrupt Link [LNKS] (IRQs *9)
Jul 28 23:49:12 debian kernel: [    0.848396] vgaarb: device added: PCI:0000:00:02.0,decodes=io+mem,owns=io+mem,locks=none
Jul 28 23:49:12 debian kernel: [    0.848452] vgaarb: loaded
Jul 28 23:49:12 debian kernel: [    0.848494] vgaarb: bridge control possible 0000:00:02.0
Jul 28 23:49:12 debian kernel: [    0.849307] PCI: Using ACPI for IRQ routing
Jul 28 23:49:12 debian kernel: [    0.849449] PCI: pci_cache_line_size set to 32 bytes
Jul 28 23:49:12 debian kernel: [    0.849955] reserve RAM buffer: 000000000009fc00 - 000000000009ffff 
Jul 28 23:49:12 debian kernel: [    0.850119] reserve RAM buffer: 0000000007fe0000 - 0000000007ffffff 
Jul 28 23:49:12 debian kernel: [    0.855352] HPET: 3 timers in total, 0 timers will be used for per-cpu timer
Jul 28 23:49:12 debian kernel: [    0.855601] hpet0: at MMIO 0xfed00000, IRQs 2, 8, 0
Jul 28 23:49:12 debian kernel: [    0.855707] hpet0: 3 comparators, 64-bit 100.000000 MHz counter
Jul 28 23:49:12 debian kernel: [    0.861535] Switching to clocksource hpet
Jul 28 23:49:12 debian kernel: [    0.889932] pnp: PnP ACPI init
Jul 28 23:49:12 debian kernel: [    0.890116] ACPI: bus type pnp registered
Jul 28 23:49:12 debian kernel: [    0.891643] pnp 00:00: [bus 00-ff]
Jul 28 23:49:12 debian kernel: [    0.891813] pnp 00:00: [io  0x0cf8-0x0cff]
Jul 28 23:49:12 debian kernel: [    0.891900] pnp 00:00: [io  0x0000-0x0cf7 window]
Jul 28 23:49:12 debian kernel: [    0.891927] pnp 00:00: [io  0x0d00-0xadff window]
Jul 28 23:49:12 debian kernel: [    0.891951] pnp 00:00: [io  0xae0f-0xaeff window]
Jul 28 23:49:12 debian kernel: [    0.891975] pnp 00:00: [io  0xaf20-0xafdf window]
Jul 28 23:49:12 debian kernel: [    0.891999] pnp 00:00: [io  0xafe4-0xffff window]
Jul 28 23:49:12 debian kernel: [    0.892268] pnp 00:00: [mem 0x000a0000-0x000bffff window]
Jul 28 23:49:12 debian kernel: [    0.892311] pnp 00:00: [mem 0x08000000-0xfebfffff window]
Jul 28 23:49:12 debian kernel: [    0.893157] pnp 00:00: Plug and Play ACPI device, IDs PNP0a03 (active)
Jul 28 23:49:12 debian kernel: [    0.893546] pnp 00:01: [io  0x0070-0x0071]
Jul 28 23:49:12 debian kernel: [    0.894071] pnp 00:01: [irq 8]
Jul 28 23:49:12 debian kernel: [    0.894173] pnp 00:01: [io  0x0072-0x0077]
Jul 28 23:49:12 debian kernel: [    0.894551] pnp 00:01: Plug and Play ACPI device, IDs PNP0b00 (active)
Jul 28 23:49:12 debian kernel: [    0.894808] pnp 00:02: [io  0x0060]
Jul 28 23:49:12 debian kernel: [    0.894831] pnp 00:02: [io  0x0064]
Jul 28 23:49:12 debian kernel: [    0.894878] pnp 00:02: [irq 1]
Jul 28 23:49:12 debian kernel: [    0.895127] pnp 00:02: Plug and Play ACPI device, IDs PNP0303 (active)
Jul 28 23:49:12 debian kernel: [    0.895312] pnp 00:03: [irq 12]
Jul 28 23:49:12 debian kernel: [    0.895544] pnp 00:03: Plug and Play ACPI device, IDs PNP0f13 (active)
Jul 28 23:49:12 debian kernel: [    0.895902] pnp 00:04: [io  0x03f2-0x03f5]
Jul 28 23:49:12 debian kernel: [    0.895925] pnp 00:04: [io  0x03f7]
Jul 28 23:49:12 debian kernel: [    0.895964] pnp 00:04: [irq 6]
Jul 28 23:49:12 debian kernel: [    0.896270] pnp 00:04: [dma 2]
Jul 28 23:49:12 debian kernel: [    0.896613] pnp 00:04: Plug and Play ACPI device, IDs PNP0700 (active)
Jul 28 23:49:12 debian kernel: [    0.896928] pnp 00:05: [io  0x0378-0x037f]
Jul 28 23:49:12 debian kernel: [    0.896977] pnp 00:05: [irq 7]
Jul 28 23:49:12 debian kernel: [    0.897232] pnp 00:05: Plug and Play ACPI device, IDs PNP0400 (active)
Jul 28 23:49:12 debian kernel: [    0.897503] pnp 00:06: [io  0x03f8-0x03ff]
Jul 28 23:49:12 debian kernel: [    0.897545] pnp 00:06: [irq 4]
Jul 28 23:49:12 debian kernel: [    0.897797] pnp 00:06: Plug and Play ACPI device, IDs PNP0501 (active)
Jul 28 23:49:12 debian kernel: [    0.899287] pnp 00:07: [mem 0xfed00000-0xfed003ff]
Jul 28 23:49:12 debian kernel: [    0.899602] pnp 00:07: Plug and Play ACPI device, IDs PNP0103 (active)
Jul 28 23:49:12 debian kernel: [    0.900711] pnp 00:08: [io  0xaf00-0xaf1f]
Jul 28 23:49:12 debian kernel: [    0.901047] pnp 00:08: Plug and Play ACPI device, IDs PNP0a06 (active)
Jul 28 23:49:12 debian kernel: [    0.901110] pnp: PnP ACPI: found 9 devices
Jul 28 23:49:12 debian kernel: [    0.901170] ACPI: ACPI bus type pnp unregistered
Jul 28 23:49:12 debian kernel: [    0.901245] PnPBIOS: Disabled by ACPI PNP
Jul 28 23:49:12 debian kernel: [    0.959139] PCI: max bus depth: 0 pci_try_num: 1
Jul 28 23:49:12 debian kernel: [    0.959554] pci_bus 0000:00: resource 4 [io  0x0000-0x0cf7]
Jul 28 23:49:12 debian kernel: [    0.959590] pci_bus 0000:00: resource 5 [io  0x0d00-0xadff]
Jul 28 23:49:12 debian kernel: [    0.959613] pci_bus 0000:00: resource 6 [io  0xae0f-0xaeff]
Jul 28 23:49:12 debian kernel: [    0.959636] pci_bus 0000:00: resource 7 [io  0xaf20-0xafdf]
Jul 28 23:49:12 debian kernel: [    0.959658] pci_bus 0000:00: resource 8 [io  0xafe4-0xffff]
Jul 28 23:49:12 debian kernel: [    0.959681] pci_bus 0000:00: resource 9 [mem 0x000a0000-0x000bffff]
Jul 28 23:49:12 debian kernel: [    0.959704] pci_bus 0000:00: resource 10 [mem 0x08000000-0xfebfffff]
Jul 28 23:49:12 debian kernel: [    0.960463] NET: Registered protocol family 2
Jul 28 23:49:12 debian kernel: [    0.991340] IP route cache hash table entries: 1024 (order: 0, 4096 bytes)
Jul 28 23:49:12 debian kernel: [    0.994974] TCP established hash table entries: 4096 (order: 3, 32768 bytes)
Jul 28 23:49:12 debian kernel: [    0.995144] TCP bind hash table entries: 4096 (order: 3, 32768 bytes)
Jul 28 23:49:12 debian kernel: [    0.995308] TCP: Hash tables configured (established 4096 bind 4096)
Jul 28 23:49:12 debian kernel: [    0.995387] TCP reno registered
Jul 28 23:49:12 debian kernel: [    0.995475] UDP hash table entries: 128 (order: 0, 4096 bytes)
Jul 28 23:49:12 debian kernel: [    0.995617] UDP-Lite hash table entries: 128 (order: 0, 4096 bytes)
Jul 28 23:49:12 debian kernel: [    0.997068] NET: Registered protocol family 1
Jul 28 23:49:12 debian kernel: [    0.997301] pci 0000:00:00.0: Limiting direct PCI/PCI transfers
Jul 28 23:49:12 debian kernel: [    0.997399] pci 0000:00:01.0: PIIX3: Enabling Passive Release
Jul 28 23:49:12 debian kernel: [    0.997611] pci 0000:00:01.0: Activating ISA DMA hang workarounds
Jul 28 23:49:12 debian kernel: [    0.997724] pci 0000:00:02.0: Boot video device
Jul 28 23:49:12 debian kernel: [    0.997810] PCI: CLS 0 bytes, default 32
Jul 28 23:49:12 debian kernel: [    1.001216] Unpacking initramfs...
Jul 28 23:49:12 debian kernel: [    2.248275] Freeing initrd memory: 9920k freed
Jul 28 23:49:12 debian kernel: [    2.266582] audit: initializing netlink socket (disabled)
Jul 28 23:49:12 debian kernel: [    2.267109] type=2000 audit(1438107471.264:1): initialized
Jul 28 23:49:12 debian kernel: [    2.329137] HugeTLB registered 2 MB page size, pre-allocated 0 pages
Jul 28 23:49:12 debian kernel: [    2.331442] VFS: Disk quotas dquot_6.5.2
Jul 28 23:49:12 debian kernel: [    2.331744] Dquot-cache hash table entries: 1024 (order 0, 4096 bytes)
Jul 28 23:49:12 debian kernel: [    2.333561] msgmni has been set to 242
Jul 28 23:49:12 debian kernel: [    2.340596] alg: No test for stdrng (krng)
Jul 28 23:49:12 debian kernel: [    2.340983] Block layer SCSI generic (bsg) driver version 0.4 loaded (major 253)
Jul 28 23:49:12 debian kernel: [    2.341156] io scheduler noop registered
Jul 28 23:49:12 debian kernel: [    2.341203] io scheduler deadline registered
Jul 28 23:49:12 debian kernel: [    2.341327] io scheduler cfq registered (default)
Jul 28 23:49:12 debian kernel: [    2.342570] pci_hotplug: PCI Hot Plug PCI Core version: 0.5
Jul 28 23:49:12 debian kernel: [    2.343338] pciehp: PCI Express Hot Plug Controller Driver version: 0.4
Jul 28 23:49:12 debian kernel: [    2.343378] acpiphp: ACPI Hot Plug PCI Controller Driver version: 0.5
Jul 28 23:49:12 debian kernel: [    2.345421] acpiphp: Slot [3] registered
Jul 28 23:49:12 debian kernel: [    2.345751] acpiphp: Slot [4] registered
Jul 28 23:49:12 debian kernel: [    2.345990] acpiphp: Slot [5] registered
Jul 28 23:49:12 debian kernel: [    2.346218] acpiphp: Slot [6] registered
Jul 28 23:49:12 debian kernel: [    2.346437] acpiphp: Slot [7] registered
Jul 28 23:49:12 debian kernel: [    2.346653] acpiphp: Slot [8] registered
Jul 28 23:49:12 debian kernel: [    2.346868] acpiphp: Slot [9] registered
Jul 28 23:49:12 debian kernel: [    2.347096] acpiphp: Slot [10] registered
Jul 28 23:49:12 debian kernel: [    2.347316] acpiphp: Slot [11] registered
Jul 28 23:49:12 debian kernel: [    2.347533] acpiphp: Slot [12] registered
Jul 28 23:49:12 debian kernel: [    2.347752] acpiphp: Slot [13] registered
Jul 28 23:49:12 debian kernel: [    2.347968] acpiphp: Slot [14] registered
Jul 28 23:49:12 debian kernel: [    2.348575] acpiphp: Slot [15] registered
Jul 28 23:49:12 debian kernel: [    2.348813] acpiphp: Slot [16] registered
Jul 28 23:49:12 debian kernel: [    2.349033] acpiphp: Slot [17] registered
Jul 28 23:49:12 debian kernel: [    2.349270] acpiphp: Slot [18] registered
Jul 28 23:49:12 debian kernel: [    2.349515] acpiphp: Slot [19] registered
Jul 28 23:49:12 debian kernel: [    2.349737] acpiphp: Slot [20] registered
Jul 28 23:49:12 debian kernel: [    2.349968] acpiphp: Slot [21] registered
Jul 28 23:49:12 debian kernel: [    2.350202] acpiphp: Slot [22] registered
Jul 28 23:49:12 debian kernel: [    2.350425] acpiphp: Slot [23] registered
Jul 28 23:49:12 debian kernel: [    2.350647] acpiphp: Slot [24] registered
Jul 28 23:49:12 debian kernel: [    2.350870] acpiphp: Slot [25] registered
Jul 28 23:49:12 debian kernel: [    2.351101] acpiphp: Slot [26] registered
Jul 28 23:49:12 debian kernel: [    2.351326] acpiphp: Slot [27] registered
Jul 28 23:49:12 debian kernel: [    2.351562] acpiphp: Slot [28] registered
Jul 28 23:49:12 debian kernel: [    2.351788] acpiphp: Slot [29] registered
Jul 28 23:49:12 debian kernel: [    2.352039] acpiphp: Slot [30] registered
Jul 28 23:49:12 debian kernel: [    2.352357] acpiphp: Slot [31] registered
Jul 28 23:49:12 debian kernel: [    2.355207] intel_idle: does not run on family 6 model 6
Jul 28 23:49:12 debian kernel: [    2.355542] ERST: Table is not found!
Jul 28 23:49:12 debian kernel: [    2.355586] GHES: HEST is not enabled!
Jul 28 23:49:12 debian kernel: [    2.355778] isapnp: Scanning for PnP cards...
Jul 28 23:49:12 debian kernel: [    2.711075] isapnp: No Plug & Play device found
Jul 28 23:49:12 debian kernel: [    2.711938] Serial: 8250/16550 driver, 4 ports, IRQ sharing enabled
Jul 28 23:49:12 debian kernel: [    2.735977] serial8250: ttyS0 at I/O 0x3f8 (irq = 4) is a 16550A
Jul 28 23:49:12 debian kernel: [    2.763168] 00:06: ttyS0 at I/O 0x3f8 (irq = 4) is a 16550A
Jul 28 23:49:12 debian kernel: [    2.765786] Linux agpgart interface v0.103
Jul 28 23:49:12 debian kernel: [    2.769441] i8042: PNP: PS/2 Controller [PNP0303:KBD,PNP0f13:MOU] at 0x60,0x64 irq 1,12
Jul 28 23:49:12 debian kernel: [    2.771571] serio: i8042 KBD port at 0x60,0x64 irq 1
Jul 28 23:49:12 debian kernel: [    2.771759] serio: i8042 AUX port at 0x60,0x64 irq 12
Jul 28 23:49:12 debian kernel: [    2.773680] mousedev: PS/2 mouse device common for all mice
Jul 28 23:49:12 debian kernel: [    2.776935] input: AT Translated Set 2 keyboard as /devices/platform/i8042/serio0/input/input0
Jul 28 23:49:12 debian kernel: [    2.778325] rtc_cmos 00:01: RTC can wake from S4
Jul 28 23:49:12 debian kernel: [    2.780303] rtc_cmos 00:01: rtc core: registered rtc_cmos as rtc0
Jul 28 23:49:12 debian kernel: [    2.780852] rtc0: alarms up to one day, 114 bytes nvram, hpet irqs
Jul 28 23:49:12 debian kernel: [    2.781136] cpuidle: using governor ladder
Jul 28 23:49:12 debian kernel: [    2.781396] cpuidle: using governor menu
Jul 28 23:49:12 debian kernel: [    2.783444] TCP cubic registered
Jul 28 23:49:12 debian kernel: [    2.783824] NET: Registered protocol family 10
Jul 28 23:49:12 debian kernel: [    2.790766] Mobile IPv6
Jul 28 23:49:12 debian kernel: [    2.790891] NET: Registered protocol family 17
Jul 28 23:49:12 debian kernel: [    2.791012] Registering the dns_resolver key type
Jul 28 23:49:12 debian kernel: [    2.791900] Using IPI No-Shortcut mode
Jul 28 23:49:12 debian kernel: [    2.793179] PM: Hibernation image not present or could not be loaded.
Jul 28 23:49:12 debian kernel: [    2.793396] registered taskstats version 1
Jul 28 23:49:12 debian kernel: [    2.795110] rtc_cmos 00:01: setting system clock to 2015-07-28 18:17:52 UTC (1438107472)
Jul 28 23:49:12 debian kernel: [    2.795572] Initializing network drop monitor service
Jul 28 23:49:12 debian kernel: [    2.798828] Freeing unused kernel memory: 424k freed
Jul 28 23:49:12 debian kernel: [    2.817449] Write protecting the kernel text: 2864k
Jul 28 23:49:12 debian kernel: [    2.817758] Write protecting the kernel read-only data: 1084k
Jul 28 23:49:12 debian kernel: [    3.260384] Refined TSC clocksource calibration: 2294.759 MHz.
Jul 28 23:49:12 debian kernel: [    3.260516] Switching to clocksource tsc
Jul 28 23:49:12 debian kernel: [    4.231921] e1000: Intel(R) PRO/1000 Network Driver - version 7.3.21-k8-NAPI
Jul 28 23:49:12 debian kernel: [    4.232649] e1000: Copyright (c) 1999-2006 Intel Corporation.
Jul 28 23:49:12 debian kernel: [    4.331751] SCSI subsystem initialized
Jul 28 23:49:12 debian kernel: [    4.419042] ACPI: PCI Interrupt Link [LNKC] enabled at IRQ 11
Jul 28 23:49:12 debian kernel: [    4.473205] e1000 0000:00:03.0: setting latency timer to 64
Jul 28 23:49:12 debian kernel: [    4.804465] libata version 3.00 loaded.
Jul 28 23:49:12 debian kernel: [    5.148320] Floppy drive(s): fd0 is 1.44M
Jul 28 23:49:12 debian kernel: [    5.210014] FDC 0 is a S82078B
Jul 28 23:49:12 debian kernel: [    5.520112] e1000 0000:00:03.0: eth0: (PCI:33MHz:32-bit) 52:54:00:12:34:56
Jul 28 23:49:12 debian kernel: [    5.520459] e1000 0000:00:03.0: eth0: Intel(R) PRO/1000 Network Connection
Jul 28 23:49:12 debian kernel: [    5.520925] ata_piix 0000:00:01.1: version 2.13
Jul 28 23:49:12 debian kernel: [    5.523665] ata_piix 0000:00:01.1: setting latency timer to 64
Jul 28 23:49:12 debian kernel: [    5.543747] scsi0 : ata_piix
Jul 28 23:49:12 debian kernel: [    5.546276] scsi1 : ata_piix
Jul 28 23:49:12 debian kernel: [    5.547937] ata1: PATA max MWDMA2 cmd 0x1f0 ctl 0x3f6 bmdma 0xc040 irq 14
Jul 28 23:49:12 debian kernel: [    5.547993] ata2: PATA max MWDMA2 cmd 0x170 ctl 0x376 bmdma 0xc048 irq 15
Jul 28 23:49:12 debian kernel: [    5.714221] ata1.01: NODEV after polling detection
Jul 28 23:49:12 debian kernel: [    5.718039] ata1.00: ATA-7: QEMU HARDDISK, 2.2.0, max UDMA/100
Jul 28 23:49:12 debian kernel: [    5.718166] ata1.00: 16777216 sectors, multi 16: LBA48 
Jul 28 23:49:12 debian kernel: [    5.720809] ata2.01: NODEV after polling detection
Jul 28 23:49:12 debian kernel: [    5.721958] ata2.00: ATAPI: QEMU DVD-ROM, 2.2.0, max UDMA/100
Jul 28 23:49:12 debian kernel: [    5.723524] ata2.00: configured for MWDMA2
Jul 28 23:49:12 debian kernel: [    5.729486] ata1.00: configured for MWDMA2
Jul 28 23:49:12 debian kernel: [    5.746997] scsi 0:0:0:0: Direct-Access     ATA      QEMU HARDDISK    2.2. PQ: 0 ANSI: 5
Jul 28 23:49:12 debian kernel: [    5.758588] scsi 1:0:0:0: CD-ROM            QEMU     QEMU DVD-ROM     2.2. PQ: 0 ANSI: 5
Jul 28 23:49:12 debian kernel: [    5.943929] sd 0:0:0:0: [sda] 16777216 512-byte logical blocks: (8.58 GB/8.00 GiB)
Jul 28 23:49:12 debian kernel: [    5.948522] sd 0:0:0:0: [sda] Write Protect is off
Jul 28 23:49:12 debian kernel: [    5.948584] sd 0:0:0:0: [sda] Mode Sense: 00 3a 00 00
Jul 28 23:49:12 debian kernel: [    5.951313] sd 0:0:0:0: [sda] Write cache: enabled, read cache: enabled, doesn't support DPO or FUA
Jul 28 23:49:12 debian kernel: [    5.957311] sr0: scsi3-mmc drive: 4x/4x cd/rw xa/form2 tray
Jul 28 23:49:12 debian kernel: [    5.957488] cdrom: Uniform CD-ROM driver Revision: 3.20
Jul 28 23:49:12 debian kernel: [    5.961486] sr 1:0:0:0: Attached scsi CD-ROM sr0
Jul 28 23:49:12 debian kernel: [    5.976354]  sda: sda1 sda2 < sda5 >
Jul 28 23:49:12 debian kernel: [    5.984376] sd 0:0:0:0: [sda] Attached SCSI disk
Jul 28 23:49:12 debian kernel: [    6.149105] sd 0:0:0:0: Attached scsi generic sg0 type 0
Jul 28 23:49:12 debian kernel: [    6.150222] sr 1:0:0:0: Attached scsi generic sg1 type 5
Jul 28 23:49:12 debian kernel: [    7.050522] PM: Starting manual resume from disk
Jul 28 23:49:12 debian kernel: [    7.050590] PM: Hibernation image partition 8:5 present
Jul 28 23:49:12 debian kernel: [    7.050612] PM: Looking for hibernation image.
Jul 28 23:49:12 debian kernel: [    7.051916] PM: Image not found (code -22)
Jul 28 23:49:12 debian kernel: [    7.051972] PM: Hibernation image not present or could not be loaded.
Jul 28 23:49:12 debian kernel: [    7.221713] EXT4-fs (sda1): mounted filesystem with ordered data mode. Opts: (null)
Jul 28 23:49:12 debian kernel: [   16.597782] input: PC Speaker as /devices/platform/pcspkr/input/input1
Jul 28 23:49:12 debian kernel: [   16.644596] input: Power Button as /devices/LNXSYSTM:00/LNXPWRBN:00/input/input2
Jul 28 23:49:12 debian kernel: [   16.645192] ACPI: Power Button [PWRF]
Jul 28 23:49:12 debian kernel: [   16.746858] piix4_smbus 0000:00:01.3: SMBus Host Controller at 0x700, revision 0
Jul 28 23:49:12 debian kernel: [   17.375764] input: ImExPS/2 Generic Explorer Mouse as /devices/platform/i8042/serio1/input/input3
Jul 28 23:49:12 debian kernel: [   18.679294] parport_pc 00:05: reported by Plug and Play ACPI
Jul 28 23:49:12 debian kernel: [   18.720701] parport0: PC-style at 0x378, irq 7 [PCSPP,TRISTATE]
Jul 28 23:49:12 debian kernel: [   30.093686] Adding 259068k swap on /dev/sda5.  Priority:-1 extents:1 across:259068k 
Jul 28 23:49:12 debian kernel: [   30.843833] EXT4-fs (sda1): re-mounted. Opts: (null)
Jul 28 23:49:12 debian kernel: [   32.289851] EXT4-fs (sda1): re-mounted. Opts: errors=remount-ro
Jul 28 23:49:12 debian kernel: [   35.463251] loop: module loaded
Jul 28 23:49:12 debian kernel: [   70.492511] RPC: Registered named UNIX socket transport module.
Jul 28 23:49:12 debian kernel: [   70.493031] RPC: Registered udp transport module.
Jul 28 23:49:12 debian kernel: [   70.493055] RPC: Registered tcp transport module.
Jul 28 23:49:12 debian kernel: [   70.493076] RPC: Registered tcp NFSv4.1 backchannel transport module.
Jul 28 23:49:12 debian kernel: [   70.645028] FS-Cache: Loaded
Jul 28 23:49:12 debian kernel: [   70.710059] FS-Cache: Netfs 'nfs' registered for caching
Jul 28 23:49:12 debian kernel: [   70.787276] Installing knfsd (copyright (C) 1996 okir@monad.swb.de).
Jul 28 23:49:22 debian kernel: [   92.798701] e1000: eth0 NIC Link is Up 1000 Mbps Full Duplex, Flow Control: RX
Jul 28 23:49:33 debian kernel: [  104.272600] eth0: no IPv6 routers present
Jul 28 23:49:38 debian kernel: [  108.665614] Bluetooth: Core ver 2.16
Jul 28 23:49:38 debian kernel: [  108.666793] NET: Registered protocol family 31
Jul 28 23:49:38 debian kernel: [  108.666832] Bluetooth: HCI device and connection manager initialized
Jul 28 23:49:38 debian kernel: [  108.666994] Bluetooth: HCI socket layer initialized
Jul 28 23:49:38 debian kernel: [  108.667059] Bluetooth: L2CAP socket layer initialized
Jul 28 23:49:38 debian kernel: [  108.667316] Bluetooth: SCO socket layer initialized
Jul 28 23:49:38 debian kernel: [  109.102085] Bluetooth: RFCOMM TTY layer initialized
Jul 28 23:49:38 debian kernel: [  109.102948] Bluetooth: RFCOMM socket layer initialized
Jul 28 23:49:38 debian kernel: [  109.102993] Bluetooth: RFCOMM ver 1.11
Jul 28 23:49:38 debian kernel: [  109.114485] Bluetooth: BNEP (Ethernet Emulation) ver 1.3
Jul 28 23:49:38 debian kernel: [  109.114529] Bluetooth: BNEP filters: protocol multicast
Jul 28 23:49:49 debian kernel: [  119.733367] lp0: using parport0 (interrupt-driven).
Jul 28 23:49:49 debian kernel: [  120.032117] ppdev: user-space parallel port driver
Jul 28 23:52:35 debian kernel: [  285.684060] colord-sane[3235]: segfault at 0 ip b72c3a75 sp bf92457c error 4 in libc-2.13.so[b7228000+15e000]
Jul 29 00:23:00 debian kernel: [ 2110.809909] hrtimer: interrupt took 11298057 ns
Jul 29 00:37:17 debian kernel: imklog 5.8.11, log source = /proc/kmsg started.
Jul 29 00:37:17 debian kernel: [    0.000000] Initializing cgroup subsys cpuset
Jul 29 00:37:17 debian kernel: [    0.000000] Initializing cgroup subsys cpu
Jul 29 00:37:17 debian kernel: [    0.000000] Linux version 3.2.0-4-686-pae (debian-kernel@lists.debian.org) (gcc version 4.6.3 (Debian 4.6.3-14) ) #1 SMP Debian 3.2.68-1+deb7u2
Jul 29 00:37:17 debian kernel: [    0.000000] BIOS-provided physical RAM map:
Jul 29 00:37:17 debian kernel: [    0.000000]  BIOS-e820: 0000000000000000 - 000000000009fc00 (usable)
Jul 29 00:37:17 debian kernel: [    0.000000]  BIOS-e820: 000000000009fc00 - 00000000000a0000 (reserved)
Jul 29 00:37:17 debian kernel: [    0.000000]  BIOS-e820: 00000000000f0000 - 0000000000100000 (reserved)
Jul 29 00:37:17 debian kernel: [    0.000000]  BIOS-e820: 0000000000100000 - 000000001ffe0000 (usable)
Jul 29 00:37:17 debian kernel: [    0.000000]  BIOS-e820: 000000001ffe0000 - 0000000020000000 (reserved)
Jul 29 00:37:17 debian kernel: [    0.000000]  BIOS-e820: 00000000fffc0000 - 0000000100000000 (reserved)
Jul 29 00:37:17 debian kernel: [    0.000000] Notice: NX (Execute Disable) protection missing in CPU!
Jul 29 00:37:17 debian kernel: [    0.000000] SMBIOS 2.8 present.
Jul 29 00:37:17 debian kernel: [    0.000000] DMI: QEMU Standard PC (i440FX + PIIX, 1996), BIOS 1.7.5-20150306_163512-brownie 04/01/2014
Jul 29 00:37:17 debian kernel: [    0.000000] e820 update range: 0000000000000000 - 0000000000010000 (usable) ==> (reserved)
Jul 29 00:37:17 debian kernel: [    0.000000] e820 remove range: 00000000000a0000 - 0000000000100000 (usable)
Jul 29 00:37:17 debian kernel: [    0.000000] last_pfn = 0x1ffe0 max_arch_pfn = 0x1000000
Jul 29 00:37:17 debian kernel: [    0.000000] found SMP MP-table at [c00f1090] f1090
Jul 29 00:37:17 debian kernel: [    0.000000] initial memory mapped : 0 - 01a00000
Jul 29 00:37:17 debian kernel: [    0.000000] Base memory trampoline at [c009b000] 9b000 size 16384
Jul 29 00:37:17 debian kernel: [    0.000000] init_memory_mapping: 0000000000000000-000000001ffe0000
Jul 29 00:37:17 debian kernel: [    0.000000]  0000000000 - 0000200000 page 4k
Jul 29 00:37:17 debian kernel: [    0.000000]  0000200000 - 001fe00000 page 2M
Jul 29 00:37:17 debian kernel: [    0.000000]  001fe00000 - 001ffe0000 page 4k
Jul 29 00:37:17 debian kernel: [    0.000000] kernel direct mapping tables up to 1ffe0000 @ 19f9000-1a00000
Jul 29 00:37:17 debian kernel: [    0.000000] RAMDISK: 1edcd000 - 1f77d000
Jul 29 00:37:17 debian kernel: [    0.000000] ACPI: RSDP 000f0ea0 00014 (v00 BOCHS )
Jul 29 00:37:17 debian kernel: [    0.000000] ACPI: RSDT 1ffe1853 00034 (v01 BOCHS  BXPCRSDT 00000001 BXPC 00000001)
Jul 29 00:37:17 debian kernel: [    0.000000] ACPI: FACP 1ffe0e48 00074 (v01 BOCHS  BXPCFACP 00000001 BXPC 00000001)
Jul 29 00:37:17 debian kernel: [    0.000000] ACPI: DSDT 1ffe0040 00E08 (v01 BOCHS  BXPCDSDT 00000001 BXPC 00000001)
Jul 29 00:37:17 debian kernel: [    0.000000] ACPI: FACS 1ffe0000 00040
Jul 29 00:37:17 debian kernel: [    0.000000] ACPI: SSDT 1ffe0ebc 008E7 (v01 BOCHS  BXPCSSDT 00000001 BXPC 00000001)
Jul 29 00:37:17 debian kernel: [    0.000000] ACPI: APIC 1ffe17a3 00078 (v01 BOCHS  BXPCAPIC 00000001 BXPC 00000001)
Jul 29 00:37:17 debian kernel: [    0.000000] ACPI: HPET 1ffe181b 00038 (v01 BOCHS  BXPCHPET 00000001 BXPC 00000001)
Jul 29 00:37:17 debian kernel: [    0.000000] ACPI: Local APIC address 0xfee00000
Jul 29 00:37:17 debian kernel: [    0.000000] 0MB HIGHMEM available.
Jul 29 00:37:17 debian kernel: [    0.000000] 511MB LOWMEM available.
Jul 29 00:37:17 debian kernel: [    0.000000]   mapped low ram: 0 - 1ffe0000
Jul 29 00:37:17 debian kernel: [    0.000000]   low ram: 0 - 1ffe0000
Jul 29 00:37:17 debian kernel: [    0.000000] Zone PFN ranges:
Jul 29 00:37:17 debian kernel: [    0.000000]   DMA      0x00000010 -> 0x00001000
Jul 29 00:37:17 debian kernel: [    0.000000]   Normal   0x00001000 -> 0x0001ffe0
Jul 29 00:37:17 debian kernel: [    0.000000]   HighMem  empty
Jul 29 00:37:17 debian kernel: [    0.000000] Movable zone start PFN for each node
Jul 29 00:37:17 debian kernel: [    0.000000] early_node_map[2] active PFN ranges
Jul 29 00:37:17 debian kernel: [    0.000000]     0: 0x00000010 -> 0x0000009f
Jul 29 00:37:17 debian kernel: [    0.000000]     0: 0x00000100 -> 0x0001ffe0
Jul 29 00:37:17 debian kernel: [    0.000000] On node 0 totalpages: 130927
Jul 29 00:37:17 debian kernel: [    0.000000] free_area_init_node: node 0, pgdat c1414800, node_mem_map dfbdf200
Jul 29 00:37:17 debian kernel: [    0.000000]   DMA zone: 32 pages used for memmap
Jul 29 00:37:17 debian kernel: [    0.000000]   DMA zone: 0 pages reserved
Jul 29 00:37:17 debian kernel: [    0.000000]   DMA zone: 3951 pages, LIFO batch:0
Jul 29 00:37:17 debian kernel: [    0.000000]   Normal zone: 992 pages used for memmap
Jul 29 00:37:17 debian kernel: [    0.000000]   Normal zone: 125952 pages, LIFO batch:31
Jul 29 00:37:17 debian kernel: [    0.000000] Using APIC driver default
Jul 29 00:37:17 debian kernel: [    0.000000] ACPI: PM-Timer IO Port: 0x608
Jul 29 00:37:17 debian kernel: [    0.000000] ACPI: Local APIC address 0xfee00000
Jul 29 00:37:17 debian kernel: [    0.000000] ACPI: LAPIC (acpi_id[0x00] lapic_id[0x00] enabled)
Jul 29 00:37:17 debian kernel: [    0.000000] ACPI: LAPIC_NMI (acpi_id[0xff] dfl dfl lint[0x1])
Jul 29 00:37:17 debian kernel: [    0.000000] ACPI: IOAPIC (id[0x00] address[0xfec00000] gsi_base[0])
Jul 29 00:37:17 debian kernel: [    0.000000] IOAPIC[0]: apic_id 0, version 17, address 0xfec00000, GSI 0-23
Jul 29 00:37:17 debian kernel: [    0.000000] ACPI: INT_SRC_OVR (bus 0 bus_irq 0 global_irq 2 dfl dfl)
Jul 29 00:37:17 debian kernel: [    0.000000] ACPI: INT_SRC_OVR (bus 0 bus_irq 5 global_irq 5 high level)
Jul 29 00:37:17 debian kernel: [    0.000000] ACPI: INT_SRC_OVR (bus 0 bus_irq 9 global_irq 9 high level)
Jul 29 00:37:17 debian kernel: [    0.000000] ACPI: INT_SRC_OVR (bus 0 bus_irq 10 global_irq 10 high level)
Jul 29 00:37:17 debian kernel: [    0.000000] ACPI: INT_SRC_OVR (bus 0 bus_irq 11 global_irq 11 high level)
Jul 29 00:37:17 debian kernel: [    0.000000] ACPI: IRQ0 used by override.
Jul 29 00:37:17 debian kernel: [    0.000000] ACPI: IRQ2 used by override.
Jul 29 00:37:17 debian kernel: [    0.000000] ACPI: IRQ5 used by override.
Jul 29 00:37:17 debian kernel: [    0.000000] ACPI: IRQ9 used by override.
Jul 29 00:37:17 debian kernel: [    0.000000] ACPI: IRQ10 used by override.
Jul 29 00:37:17 debian kernel: [    0.000000] ACPI: IRQ11 used by override.
Jul 29 00:37:17 debian kernel: [    0.000000] Using ACPI (MADT) for SMP configuration information
Jul 29 00:37:17 debian kernel: [    0.000000] ACPI: HPET id: 0x8086a201 base: 0xfed00000
Jul 29 00:37:17 debian kernel: [    0.000000] SMP: Allowing 1 CPUs, 0 hotplug CPUs
Jul 29 00:37:17 debian kernel: [    0.000000] nr_irqs_gsi: 40
Jul 29 00:37:17 debian kernel: [    0.000000] PM: Registered nosave memory: 000000000009f000 - 00000000000a0000
Jul 29 00:37:17 debian kernel: [    0.000000] PM: Registered nosave memory: 00000000000a0000 - 00000000000f0000
Jul 29 00:37:17 debian kernel: [    0.000000] PM: Registered nosave memory: 00000000000f0000 - 0000000000100000
Jul 29 00:37:17 debian kernel: [    0.000000] Allocating PCI resources starting at 20000000 (gap: 20000000:dffc0000)
Jul 29 00:37:17 debian kernel: [    0.000000] Booting paravirtualized kernel on bare hardware
Jul 29 00:37:17 debian kernel: [    0.000000] setup_percpu: NR_CPUS:32 nr_cpumask_bits:32 nr_cpu_ids:1 nr_node_ids:1
Jul 29 00:37:17 debian kernel: [    0.000000] PERCPU: Embedded 14 pages/cpu @dfbcd000 s33344 r0 d24000 u57344
Jul 29 00:37:17 debian kernel: [    0.000000] pcpu-alloc: s33344 r0 d24000 u57344 alloc=14*4096
Jul 29 00:37:17 debian kernel: [    0.000000] pcpu-alloc: [0] 0 
Jul 29 00:37:17 debian kernel: [    0.000000] Built 1 zonelists in Zone order, mobility grouping on.  Total pages: 129903
Jul 29 00:37:17 debian kernel: [    0.000000] Kernel command line: BOOT_IMAGE=/boot/vmlinuz-3.2.0-4-686-pae root=UUID=48d04725-059b-4d04-ae38-e92660528d27 ro quiet
Jul 29 00:37:17 debian kernel: [    0.000000] PID hash table entries: 2048 (order: 1, 8192 bytes)
Jul 29 00:37:17 debian kernel: [    0.000000] Dentry cache hash table entries: 65536 (order: 6, 262144 bytes)
Jul 29 00:37:17 debian kernel: [    0.000000] Inode-cache hash table entries: 32768 (order: 5, 131072 bytes)
Jul 29 00:37:17 debian kernel: [    0.000000] Initializing CPU#0
Jul 29 00:37:17 debian kernel: [    0.000000] Initializing HighMem for node 0 (00000000:00000000)
Jul 29 00:37:17 debian kernel: [    0.000000] Memory: 503968k/524160k available (2860k kernel code, 19740k reserved, 1348k data, 424k init, 0k highmem)
Jul 29 00:37:17 debian kernel: [    0.000000] virtual kernel memory layout:
Jul 29 00:37:17 debian kernel: [    0.000000]     fixmap  : 0xffd36000 - 0xfffff000   (2852 kB)
Jul 29 00:37:17 debian kernel: [    0.000000]     pkmap   : 0xffa00000 - 0xffc00000   (2048 kB)
Jul 29 00:37:17 debian kernel: [    0.000000]     vmalloc : 0xe07e0000 - 0xff9fe000   ( 498 MB)
Jul 29 00:37:17 debian kernel: [    0.000000]     lowmem  : 0xc0000000 - 0xdffe0000   ( 511 MB)
Jul 29 00:37:17 debian kernel: [    0.000000]       .init : 0xc141d000 - 0xc1487000   ( 424 kB)
Jul 29 00:37:17 debian kernel: [    0.000000]       .data : 0xc12cb100 - 0xc141c200   (1348 kB)
Jul 29 00:37:17 debian kernel: [    0.000000]       .text : 0xc1000000 - 0xc12cb100   (2860 kB)
Jul 29 00:37:17 debian kernel: [    0.000000] Checking if this processor honours the WP bit even in supervisor mode...Ok.
Jul 29 00:37:17 debian kernel: [    0.000000] Hierarchical RCU implementation.
Jul 29 00:37:17 debian kernel: [    0.000000] 	RCU dyntick-idle grace-period acceleration is enabled.
Jul 29 00:37:17 debian kernel: [    0.000000] NR_IRQS:2304 nr_irqs:256 16
Jul 29 00:37:17 debian kernel: [    0.000000] CPU 0 irqstacks, hard=de806000 soft=de808000
Jul 29 00:37:17 debian kernel: [    0.000000] Console: colour VGA+ 80x25
Jul 29 00:37:17 debian kernel: [    0.000000] console [tty0] enabled
Jul 29 00:37:17 debian kernel: [    0.000000] hpet clockevent registered
Jul 29 00:37:17 debian kernel: [    0.000000] Fast TSC calibration using PIT
Jul 29 00:37:17 debian kernel: [    0.000000] Detected 2294.230 MHz processor.
Jul 29 00:37:17 debian kernel: [    0.016415] Calibrating delay loop (skipped), value calculated using timer frequency.. 4588.46 BogoMIPS (lpj=9176920)
Jul 29 00:37:17 debian kernel: [    0.016675] pid_max: default: 32768 minimum: 301
Jul 29 00:37:17 debian kernel: [    0.017482] Security Framework initialized
Jul 29 00:37:17 debian kernel: [    0.018559] AppArmor: AppArmor disabled by boot time parameter
Jul 29 00:37:17 debian kernel: [    0.018973] Mount-cache hash table entries: 512
Jul 29 00:37:17 debian kernel: [    0.025785] Initializing cgroup subsys cpuacct
Jul 29 00:37:17 debian kernel: [    0.026037] Initializing cgroup subsys memory
Jul 29 00:37:17 debian kernel: [    0.026482] Initializing cgroup subsys devices
Jul 29 00:37:17 debian kernel: [    0.026557] Initializing cgroup subsys freezer
Jul 29 00:37:17 debian kernel: [    0.026602] Initializing cgroup subsys net_cls
Jul 29 00:37:17 debian kernel: [    0.026647] Initializing cgroup subsys blkio
Jul 29 00:37:17 debian kernel: [    0.026721] Initializing cgroup subsys perf_event
Jul 29 00:37:17 debian kernel: [    0.029712] SMP alternatives: switching to UP code
Jul 29 00:37:17 debian kernel: [    0.054583] Freeing SMP alternatives: 8k freed
Jul 29 00:37:17 debian kernel: [    0.054776] ACPI: Core revision 20110623
Jul 29 00:37:17 debian kernel: [    0.082461] Enabling APIC mode:  Flat.  Using 1 I/O APICs
Jul 29 00:37:17 debian kernel: [    0.084947] ..TIMER: vector=0x30 apic1=0 pin1=2 apic2=-1 pin2=-1
Jul 29 00:37:17 debian kernel: [    0.125161] CPU0: Intel QEMU Virtual CPU version 2.2.0 stepping 03
Jul 29 00:37:17 debian kernel: [    0.128007] Performance Events: Broken PMU hardware detected, using software events only.
Jul 29 00:37:17 debian kernel: [    0.129579] NMI watchdog disabled (cpu0): hardware events not enabled
Jul 29 00:37:17 debian kernel: [    0.130116] Brought up 1 CPUs
Jul 29 00:37:17 debian kernel: [    0.130196] Total of 1 processors activated (4588.46 BogoMIPS).
Jul 29 00:37:17 debian kernel: [    0.139656] devtmpfs: initialized
Jul 29 00:37:17 debian kernel: [    0.149261] print_constraints: dummy: 
Jul 29 00:37:17 debian kernel: [    0.150824] NET: Registered protocol family 16
Jul 29 00:37:17 debian kernel: [    0.154085] ACPI: bus type pci registered
Jul 29 00:37:17 debian kernel: [    0.156647] PCI: PCI BIOS revision 2.10 entry at 0xfd424, last bus=0
Jul 29 00:37:17 debian kernel: [    0.156719] PCI: Using configuration type 1 for base access
Jul 29 00:37:17 debian kernel: [    0.165977] bio: create slab <bio-0> at 0
Jul 29 00:37:17 debian kernel: [    0.167781] ACPI: Added _OSI(Module Device)
Jul 29 00:37:17 debian kernel: [    0.167814] ACPI: Added _OSI(Processor Device)
Jul 29 00:37:17 debian kernel: [    0.167834] ACPI: Added _OSI(3.0 _SCP Extensions)
Jul 29 00:37:17 debian kernel: [    0.167854] ACPI: Added _OSI(Processor Aggregator Device)
Jul 29 00:37:17 debian kernel: [    0.173651] ACPI: EC: Look up EC in DSDT
Jul 29 00:37:17 debian kernel: [    0.192935] ACPI: Interpreter enabled
Jul 29 00:37:17 debian kernel: [    0.192987] ACPI: (supports S0 S3 S4 S5)
Jul 29 00:37:17 debian kernel: [    0.193678] ACPI: Using IOAPIC for interrupt routing
Jul 29 00:37:17 debian kernel: [    0.233469] ACPI: No dock devices found.
Jul 29 00:37:17 debian kernel: [    0.233530] HEST: Table not found.
Jul 29 00:37:17 debian kernel: [    0.233620] PCI: Using host bridge windows from ACPI; if necessary, use "pci=nocrs" and report a bug
Jul 29 00:37:17 debian kernel: [    0.236293] ACPI: PCI Root Bridge [PCI0] (domain 0000 [bus 00-ff])
Jul 29 00:37:17 debian kernel: [    0.238831] pci_root PNP0A03:00: host bridge window [io  0x0000-0x0cf7]
Jul 29 00:37:17 debian kernel: [    0.238881] pci_root PNP0A03:00: host bridge window [io  0x0d00-0xadff]
Jul 29 00:37:17 debian kernel: [    0.238905] pci_root PNP0A03:00: host bridge window [io  0xae0f-0xaeff]
Jul 29 00:37:17 debian kernel: [    0.238927] pci_root PNP0A03:00: host bridge window [io  0xaf20-0xafdf]
Jul 29 00:37:17 debian kernel: [    0.238949] pci_root PNP0A03:00: host bridge window [io  0xafe4-0xffff]
Jul 29 00:37:17 debian kernel: [    0.239013] pci_root PNP0A03:00: host bridge window [mem 0x000a0000-0x000bffff]
Jul 29 00:37:17 debian kernel: [    0.239038] pci_root PNP0A03:00: host bridge window [mem 0x20000000-0xfebfffff]
Jul 29 00:37:17 debian kernel: [    0.240395] pci 0000:00:00.0: [8086:1237] type 0 class 0x000600
Jul 29 00:37:17 debian kernel: [    0.241529] pci 0000:00:01.0: [8086:7000] type 0 class 0x000601
Jul 29 00:37:17 debian kernel: [    0.242026] pci 0000:00:01.1: [8086:7010] type 0 class 0x000101
Jul 29 00:37:17 debian kernel: [    0.244452] pci 0000:00:01.1: reg 20: [io  0xc040-0xc04f]
Jul 29 00:37:17 debian kernel: [    0.245578] pci 0000:00:01.3: [8086:7113] type 0 class 0x000680
Jul 29 00:37:17 debian kernel: [    0.245968] pci 0000:00:01.3: quirk: [io  0x0600-0x063f] claimed by PIIX4 ACPI
Jul 29 00:37:17 debian kernel: [    0.246020] pci 0000:00:01.3: quirk: [io  0x0700-0x070f] claimed by PIIX4 SMB
Jul 29 00:37:17 debian kernel: [    0.246178] pci 0000:00:02.0: [1234:1111] type 0 class 0x000300
Jul 29 00:37:17 debian kernel: [    0.247028] pci 0000:00:02.0: reg 10: [mem 0xfd000000-0xfdffffff pref]
Jul 29 00:37:17 debian kernel: [    0.248452] pci 0000:00:02.0: reg 18: [mem 0xfebf0000-0xfebf0fff]
Jul 29 00:37:17 debian kernel: [    0.251518] pci 0000:00:02.0: reg 30: [mem 0xfebe0000-0xfebeffff pref]
Jul 29 00:37:17 debian kernel: [    0.252126] pci 0000:00:03.0: [8086:100e] type 0 class 0x000200
Jul 29 00:37:17 debian kernel: [    0.252927] pci 0000:00:03.0: reg 10: [mem 0xfebc0000-0xfebdffff]
Jul 29 00:37:17 debian kernel: [    0.253718] pci 0000:00:03.0: reg 14: [io  0xc000-0xc03f]
Jul 29 00:37:17 debian kernel: [    0.257606] pci 0000:00:03.0: reg 30: [mem 0xfeb80000-0xfebbffff pref]
Jul 29 00:37:17 debian kernel: [    0.257966] pci_bus 0000:00: on NUMA node 0
Jul 29 00:37:17 debian kernel: [    0.258091] ACPI: PCI Interrupt Routing Table [\_SB_.PCI0._PRT]
Jul 29 00:37:17 debian kernel: [    0.809767]  pci0000:00: Unable to request _OSC control (_OSC support mask: 0x1e)
Jul 29 00:37:17 debian kernel: [    0.836728] ACPI: PCI Interrupt Link [LNKA] (IRQs 5 *10 11)
Jul 29 00:37:17 debian kernel: [    0.837530] ACPI: PCI Interrupt Link [LNKB] (IRQs 5 *10 11)
Jul 29 00:37:17 debian kernel: [    0.838139] ACPI: PCI Interrupt Link [LNKC] (IRQs 5 10 *11)
Jul 29 00:37:17 debian kernel: [    0.838707] ACPI: PCI Interrupt Link [LNKD] (IRQs 5 10 *11)
Jul 29 00:37:17 debian kernel: [    0.839015] ACPI: PCI Interrupt Link [LNKS] (IRQs *9)
Jul 29 00:37:17 debian kernel: [    0.842218] vgaarb: device added: PCI:0000:00:02.0,decodes=io+mem,owns=io+mem,locks=none
Jul 29 00:37:17 debian kernel: [    0.842276] vgaarb: loaded
Jul 29 00:37:17 debian kernel: [    0.842319] vgaarb: bridge control possible 0000:00:02.0
Jul 29 00:37:17 debian kernel: [    0.843143] PCI: Using ACPI for IRQ routing
Jul 29 00:37:17 debian kernel: [    0.843296] PCI: pci_cache_line_size set to 32 bytes
Jul 29 00:37:17 debian kernel: [    0.843844] reserve RAM buffer: 000000000009fc00 - 000000000009ffff 
Jul 29 00:37:17 debian kernel: [    0.844125] reserve RAM buffer: 000000001ffe0000 - 000000001fffffff 
Jul 29 00:37:17 debian kernel: [    0.849469] HPET: 3 timers in total, 0 timers will be used for per-cpu timer
Jul 29 00:37:17 debian kernel: [    0.849720] hpet0: at MMIO 0xfed00000, IRQs 2, 8, 0
Jul 29 00:37:17 debian kernel: [    0.849834] hpet0: 3 comparators, 64-bit 100.000000 MHz counter
Jul 29 00:37:17 debian kernel: [    0.857213] Switching to clocksource hpet
Jul 29 00:37:17 debian kernel: [    0.883990] pnp: PnP ACPI init
Jul 29 00:37:17 debian kernel: [    0.884308] ACPI: bus type pnp registered
Jul 29 00:37:17 debian kernel: [    0.885607] pnp 00:00: [bus 00-ff]
Jul 29 00:37:17 debian kernel: [    0.885762] pnp 00:00: [io  0x0cf8-0x0cff]
Jul 29 00:37:17 debian kernel: [    0.885842] pnp 00:00: [io  0x0000-0x0cf7 window]
Jul 29 00:37:17 debian kernel: [    0.885875] pnp 00:00: [io  0x0d00-0xadff window]
Jul 29 00:37:17 debian kernel: [    0.885899] pnp 00:00: [io  0xae0f-0xaeff window]
Jul 29 00:37:17 debian kernel: [    0.885922] pnp 00:00: [io  0xaf20-0xafdf window]
Jul 29 00:37:17 debian kernel: [    0.885945] pnp 00:00: [io  0xafe4-0xffff window]
Jul 29 00:37:17 debian kernel: [    0.886061] pnp 00:00: [mem 0x000a0000-0x000bffff window]
Jul 29 00:37:17 debian kernel: [    0.886098] pnp 00:00: [mem 0x20000000-0xfebfffff window]
Jul 29 00:37:17 debian kernel: [    0.886855] pnp 00:00: Plug and Play ACPI device, IDs PNP0a03 (active)
Jul 29 00:37:17 debian kernel: [    0.887188] pnp 00:01: [io  0x0070-0x0071]
Jul 29 00:37:17 debian kernel: [    0.887629] pnp 00:01: [irq 8]
Jul 29 00:37:17 debian kernel: [    0.887690] pnp 00:01: [io  0x0072-0x0077]
Jul 29 00:37:17 debian kernel: [    0.887963] pnp 00:01: Plug and Play ACPI device, IDs PNP0b00 (active)
Jul 29 00:37:17 debian kernel: [    0.888315] pnp 00:02: [io  0x0060]
Jul 29 00:37:17 debian kernel: [    0.888338] pnp 00:02: [io  0x0064]
Jul 29 00:37:17 debian kernel: [    0.888380] pnp 00:02: [irq 1]
Jul 29 00:37:17 debian kernel: [    0.888627] pnp 00:02: Plug and Play ACPI device, IDs PNP0303 (active)
Jul 29 00:37:17 debian kernel: [    0.888810] pnp 00:03: [irq 12]
Jul 29 00:37:17 debian kernel: [    0.889046] pnp 00:03: Plug and Play ACPI device, IDs PNP0f13 (active)
Jul 29 00:37:17 debian kernel: [    0.889382] pnp 00:04: [io  0x03f2-0x03f5]
Jul 29 00:37:17 debian kernel: [    0.889405] pnp 00:04: [io  0x03f7]
Jul 29 00:37:17 debian kernel: [    0.889444] pnp 00:04: [irq 6]
Jul 29 00:37:17 debian kernel: [    0.889569] pnp 00:04: [dma 2]
Jul 29 00:37:17 debian kernel: [    0.889841] pnp 00:04: Plug and Play ACPI device, IDs PNP0700 (active)
Jul 29 00:37:17 debian kernel: [    0.890120] pnp 00:05: [io  0x0378-0x037f]
Jul 29 00:37:17 debian kernel: [    0.890162] pnp 00:05: [irq 7]
Jul 29 00:37:17 debian kernel: [    0.890414] pnp 00:05: Plug and Play ACPI device, IDs PNP0400 (active)
Jul 29 00:37:17 debian kernel: [    0.890681] pnp 00:06: [io  0x03f8-0x03ff]
Jul 29 00:37:17 debian kernel: [    0.890722] pnp 00:06: [irq 4]
Jul 29 00:37:17 debian kernel: [    0.890974] pnp 00:06: Plug and Play ACPI device, IDs PNP0501 (active)
Jul 29 00:37:17 debian kernel: [    0.892594] pnp 00:07: [mem 0xfed00000-0xfed003ff]
Jul 29 00:37:17 debian kernel: [    0.892923] pnp 00:07: Plug and Play ACPI device, IDs PNP0103 (active)
Jul 29 00:37:17 debian kernel: [    0.893884] pnp 00:08: [io  0xaf00-0xaf1f]
Jul 29 00:37:17 debian kernel: [    0.894209] pnp 00:08: Plug and Play ACPI device, IDs PNP0a06 (active)
Jul 29 00:37:17 debian kernel: [    0.894268] pnp: PnP ACPI: found 9 devices
Jul 29 00:37:17 debian kernel: [    0.894326] ACPI: ACPI bus type pnp unregistered
Jul 29 00:37:17 debian kernel: [    0.894399] PnPBIOS: Disabled by ACPI PNP
Jul 29 00:37:17 debian kernel: [    0.952624] PCI: max bus depth: 0 pci_try_num: 1
Jul 29 00:37:17 debian kernel: [    0.953010] pci_bus 0000:00: resource 4 [io  0x0000-0x0cf7]
Jul 29 00:37:17 debian kernel: [    0.953043] pci_bus 0000:00: resource 5 [io  0x0d00-0xadff]
Jul 29 00:37:17 debian kernel: [    0.953065] pci_bus 0000:00: resource 6 [io  0xae0f-0xaeff]
Jul 29 00:37:17 debian kernel: [    0.953086] pci_bus 0000:00: resource 7 [io  0xaf20-0xafdf]
Jul 29 00:37:17 debian kernel: [    0.953107] pci_bus 0000:00: resource 8 [io  0xafe4-0xffff]
Jul 29 00:37:17 debian kernel: [    0.953128] pci_bus 0000:00: resource 9 [mem 0x000a0000-0x000bffff]
Jul 29 00:37:17 debian kernel: [    0.953151] pci_bus 0000:00: resource 10 [mem 0x20000000-0xfebfffff]
Jul 29 00:37:17 debian kernel: [    0.953763] NET: Registered protocol family 2
Jul 29 00:37:17 debian kernel: [    0.984137] IP route cache hash table entries: 4096 (order: 2, 16384 bytes)
Jul 29 00:37:17 debian kernel: [    0.987634] TCP established hash table entries: 16384 (order: 5, 131072 bytes)
Jul 29 00:37:17 debian kernel: [    0.987965] TCP bind hash table entries: 16384 (order: 5, 131072 bytes)
Jul 29 00:37:17 debian kernel: [    0.988469] TCP: Hash tables configured (established 16384 bind 16384)
Jul 29 00:37:17 debian kernel: [    0.988552] TCP reno registered
Jul 29 00:37:17 debian kernel: [    0.988644] UDP hash table entries: 256 (order: 1, 8192 bytes)
Jul 29 00:37:17 debian kernel: [    0.988768] UDP-Lite hash table entries: 256 (order: 1, 8192 bytes)
Jul 29 00:37:17 debian kernel: [    0.990213] NET: Registered protocol family 1
Jul 29 00:37:17 debian kernel: [    0.990447] pci 0000:00:00.0: Limiting direct PCI/PCI transfers
Jul 29 00:37:17 debian kernel: [    0.990555] pci 0000:00:01.0: PIIX3: Enabling Passive Release
Jul 29 00:37:17 debian kernel: [    0.990782] pci 0000:00:01.0: Activating ISA DMA hang workarounds
Jul 29 00:37:17 debian kernel: [    0.990903] pci 0000:00:02.0: Boot video device
Jul 29 00:37:17 debian kernel: [    0.990997] PCI: CLS 0 bytes, default 32
Jul 29 00:37:17 debian kernel: [    0.994357] Unpacking initramfs...
Jul 29 00:37:17 debian kernel: [    2.319395] Freeing initrd memory: 9920k freed
Jul 29 00:37:17 debian kernel: [    2.338361] audit: initializing netlink socket (disabled)
Jul 29 00:37:17 debian kernel: [    2.338922] type=2000 audit(1438110351.336:1): initialized
Jul 29 00:37:18 debian kernel: [    2.401456] HugeTLB registered 2 MB page size, pre-allocated 0 pages
Jul 29 00:37:18 debian kernel: [    2.403811] VFS: Disk quotas dquot_6.5.2
Jul 29 00:37:18 debian kernel: [    2.404290] Dquot-cache hash table entries: 1024 (order 0, 4096 bytes)
Jul 29 00:37:18 debian kernel: [    2.405857] msgmni has been set to 1003
Jul 29 00:37:18 debian kernel: [    2.412734] alg: No test for stdrng (krng)
Jul 29 00:37:18 debian kernel: [    2.413099] Block layer SCSI generic (bsg) driver version 0.4 loaded (major 253)
Jul 29 00:37:18 debian kernel: [    2.413256] io scheduler noop registered
Jul 29 00:37:18 debian kernel: [    2.413300] io scheduler deadline registered
Jul 29 00:37:18 debian kernel: [    2.413415] io scheduler cfq registered (default)
Jul 29 00:37:18 debian kernel: [    2.414636] pci_hotplug: PCI Hot Plug PCI Core version: 0.5
Jul 29 00:37:18 debian kernel: [    2.415415] pciehp: PCI Express Hot Plug Controller Driver version: 0.4
Jul 29 00:37:18 debian kernel: [    2.415454] acpiphp: ACPI Hot Plug PCI Controller Driver version: 0.5
Jul 29 00:37:18 debian kernel: [    2.417852] acpiphp: Slot [3] registered
Jul 29 00:37:18 debian kernel: [    2.418194] acpiphp: Slot [4] registered
Jul 29 00:37:18 debian kernel: [    2.418442] acpiphp: Slot [5] registered
Jul 29 00:37:18 debian kernel: [    2.418662] acpiphp: Slot [6] registered
Jul 29 00:37:18 debian kernel: [    2.418881] acpiphp: Slot [7] registered
Jul 29 00:37:18 debian kernel: [    2.419124] acpiphp: Slot [8] registered
Jul 29 00:37:18 debian kernel: [    2.419354] acpiphp: Slot [9] registered
Jul 29 00:37:18 debian kernel: [    2.419582] acpiphp: Slot [10] registered
Jul 29 00:37:18 debian kernel: [    2.419802] acpiphp: Slot [11] registered
Jul 29 00:37:18 debian kernel: [    2.420412] acpiphp: Slot [12] registered
Jul 29 00:37:18 debian kernel: [    2.420648] acpiphp: Slot [13] registered
Jul 29 00:37:18 debian kernel: [    2.420868] acpiphp: Slot [14] registered
Jul 29 00:37:18 debian kernel: [    2.421087] acpiphp: Slot [15] registered
Jul 29 00:37:18 debian kernel: [    2.421322] acpiphp: Slot [16] registered
Jul 29 00:37:18 debian kernel: [    2.421543] acpiphp: Slot [17] registered
Jul 29 00:37:18 debian kernel: [    2.421769] acpiphp: Slot [18] registered
Jul 29 00:37:18 debian kernel: [    2.422056] acpiphp: Slot [19] registered
Jul 29 00:37:18 debian kernel: [    2.422277] acpiphp: Slot [20] registered
Jul 29 00:37:18 debian kernel: [    2.422505] acpiphp: Slot [21] registered
Jul 29 00:37:18 debian kernel: [    2.422727] acpiphp: Slot [22] registered
Jul 29 00:37:18 debian kernel: [    2.422945] acpiphp: Slot [23] registered
Jul 29 00:37:18 debian kernel: [    2.423164] acpiphp: Slot [24] registered
Jul 29 00:37:18 debian kernel: [    2.423392] acpiphp: Slot [25] registered
Jul 29 00:37:18 debian kernel: [    2.423621] acpiphp: Slot [26] registered
Jul 29 00:37:18 debian kernel: [    2.423842] acpiphp: Slot [27] registered
Jul 29 00:37:18 debian kernel: [    2.424188] acpiphp: Slot [28] registered
Jul 29 00:37:18 debian kernel: [    2.424414] acpiphp: Slot [29] registered
Jul 29 00:37:18 debian kernel: [    2.424637] acpiphp: Slot [30] registered
Jul 29 00:37:18 debian kernel: [    2.424858] acpiphp: Slot [31] registered
Jul 29 00:37:18 debian kernel: [    2.427742] intel_idle: does not run on family 6 model 6
Jul 29 00:37:18 debian kernel: [    2.428214] ERST: Table is not found!
Jul 29 00:37:18 debian kernel: [    2.428259] GHES: HEST is not enabled!
Jul 29 00:37:18 debian kernel: [    2.428456] isapnp: Scanning for PnP cards...
Jul 29 00:37:18 debian kernel: [    2.783090] isapnp: No Plug & Play device found
Jul 29 00:37:18 debian kernel: [    2.783954] Serial: 8250/16550 driver, 4 ports, IRQ sharing enabled
Jul 29 00:37:18 debian kernel: [    2.808466] serial8250: ttyS0 at I/O 0x3f8 (irq = 4) is a 16550A
Jul 29 00:37:18 debian kernel: [    2.835685] 00:06: ttyS0 at I/O 0x3f8 (irq = 4) is a 16550A
Jul 29 00:37:18 debian kernel: [    2.838338] Linux agpgart interface v0.103
Jul 29 00:37:18 debian kernel: [    2.842047] i8042: PNP: PS/2 Controller [PNP0303:KBD,PNP0f13:MOU] at 0x60,0x64 irq 1,12
Jul 29 00:37:18 debian kernel: [    2.844335] serio: i8042 KBD port at 0x60,0x64 irq 1
Jul 29 00:37:18 debian kernel: [    2.844523] serio: i8042 AUX port at 0x60,0x64 irq 12
Jul 29 00:37:18 debian kernel: [    2.846319] mousedev: PS/2 mouse device common for all mice
Jul 29 00:37:18 debian kernel: [    2.849842] input: AT Translated Set 2 keyboard as /devices/platform/i8042/serio0/input/input0
Jul 29 00:37:18 debian kernel: [    2.851337] rtc_cmos 00:01: RTC can wake from S4
Jul 29 00:37:18 debian kernel: [    2.853556] rtc_cmos 00:01: rtc core: registered rtc_cmos as rtc0
Jul 29 00:37:18 debian kernel: [    2.854142] rtc0: alarms up to one day, 114 bytes nvram, hpet irqs
Jul 29 00:37:18 debian kernel: [    2.854430] cpuidle: using governor ladder
Jul 29 00:37:18 debian kernel: [    2.854502] cpuidle: using governor menu
Jul 29 00:37:18 debian kernel: [    2.856612] TCP cubic registered
Jul 29 00:37:18 debian kernel: [    2.856923] NET: Registered protocol family 10
Jul 29 00:37:18 debian kernel: [    2.863480] Mobile IPv6
Jul 29 00:37:18 debian kernel: [    2.863601] NET: Registered protocol family 17
Jul 29 00:37:18 debian kernel: [    2.863721] Registering the dns_resolver key type
Jul 29 00:37:18 debian kernel: [    2.864729] Using IPI No-Shortcut mode
Jul 29 00:37:18 debian kernel: [    2.865882] PM: Hibernation image not present or could not be loaded.
Jul 29 00:37:18 debian kernel: [    2.866091] registered taskstats version 1
Jul 29 00:37:18 debian kernel: [    2.867820] rtc_cmos 00:01: setting system clock to 2015-07-28 19:05:52 UTC (1438110352)
Jul 29 00:37:18 debian kernel: [    2.868386] Initializing network drop monitor service
Jul 29 00:37:18 debian kernel: [    2.871537] Freeing unused kernel memory: 424k freed
Jul 29 00:37:18 debian kernel: [    2.890359] Write protecting the kernel text: 2864k
Jul 29 00:37:18 debian kernel: [    2.890671] Write protecting the kernel read-only data: 1084k
Jul 29 00:37:18 debian kernel: [    3.332607] Refined TSC clocksource calibration: 2294.749 MHz.
Jul 29 00:37:18 debian kernel: [    3.332775] Switching to clocksource tsc
Jul 29 00:37:18 debian kernel: [    4.402635] e1000: Intel(R) PRO/1000 Network Driver - version 7.3.21-k8-NAPI
Jul 29 00:37:18 debian kernel: [    4.402694] e1000: Copyright (c) 1999-2006 Intel Corporation.
Jul 29 00:37:18 debian kernel: [    4.439665] ACPI: PCI Interrupt Link [LNKC] enabled at IRQ 11
Jul 29 00:37:18 debian kernel: [    4.460935] e1000 0000:00:03.0: setting latency timer to 64
Jul 29 00:37:18 debian kernel: [    4.485256] SCSI subsystem initialized
Jul 29 00:37:18 debian kernel: [    4.887068] libata version 3.00 loaded.
Jul 29 00:37:18 debian kernel: [    5.681559] Floppy drive(s): fd0 is 1.44M
Jul 29 00:37:18 debian kernel: [    5.697561] FDC 0 is a S82078B
Jul 29 00:37:18 debian kernel: [    5.804702] e1000 0000:00:03.0: eth0: (PCI:33MHz:32-bit) 52:54:00:12:34:56
Jul 29 00:37:18 debian kernel: [    5.804894] e1000 0000:00:03.0: eth0: Intel(R) PRO/1000 Network Connection
Jul 29 00:37:18 debian kernel: [    5.805411] ata_piix 0000:00:01.1: version 2.13
Jul 29 00:37:18 debian kernel: [    5.807852] ata_piix 0000:00:01.1: setting latency timer to 64
Jul 29 00:37:18 debian kernel: [    5.830597] scsi0 : ata_piix
Jul 29 00:37:18 debian kernel: [    5.832812] scsi1 : ata_piix
Jul 29 00:37:18 debian kernel: [    5.834175] ata1: PATA max MWDMA2 cmd 0x1f0 ctl 0x3f6 bmdma 0xc040 irq 14
Jul 29 00:37:18 debian kernel: [    5.834231] ata2: PATA max MWDMA2 cmd 0x170 ctl 0x376 bmdma 0xc048 irq 15
Jul 29 00:37:18 debian kernel: [    5.995081] ata1.01: NODEV after polling detection
Jul 29 00:37:18 debian kernel: [    5.997117] ata2.01: NODEV after polling detection
Jul 29 00:37:18 debian kernel: [    5.999867] ata2.00: ATAPI: QEMU DVD-ROM, 2.2.0, max UDMA/100
Jul 29 00:37:18 debian kernel: [    6.002473] ata1.00: ATA-7: QEMU HARDDISK, 2.2.0, max UDMA/100
Jul 29 00:37:18 debian kernel: [    6.002608] ata1.00: 16777216 sectors, multi 16: LBA48 
Jul 29 00:37:18 debian kernel: [    6.004835] ata1.00: configured for MWDMA2
Jul 29 00:37:18 debian kernel: [    6.012902] ata2.00: configured for MWDMA2
Jul 29 00:37:18 debian kernel: [    6.025885] scsi 0:0:0:0: Direct-Access     ATA      QEMU HARDDISK    2.2. PQ: 0 ANSI: 5
Jul 29 00:37:18 debian kernel: [    6.036915] scsi 1:0:0:0: CD-ROM            QEMU     QEMU DVD-ROM     2.2. PQ: 0 ANSI: 5
Jul 29 00:37:18 debian kernel: [    6.238508] sd 0:0:0:0: [sda] 16777216 512-byte logical blocks: (8.58 GB/8.00 GiB)
Jul 29 00:37:18 debian kernel: [    6.240690] sr0: scsi3-mmc drive: 4x/4x cd/rw xa/form2 tray
Jul 29 00:37:18 debian kernel: [    6.240914] cdrom: Uniform CD-ROM driver Revision: 3.20
Jul 29 00:37:18 debian kernel: [    6.245822] sd 0:0:0:0: [sda] Write Protect is off
Jul 29 00:37:18 debian kernel: [    6.245890] sd 0:0:0:0: [sda] Mode Sense: 00 3a 00 00
Jul 29 00:37:18 debian kernel: [    6.247732] sd 0:0:0:0: [sda] Write cache: enabled, read cache: enabled, doesn't support DPO or FUA
Jul 29 00:37:18 debian kernel: [    6.253474] sr 1:0:0:0: Attached scsi CD-ROM sr0
Jul 29 00:37:18 debian kernel: [    6.284120]  sda: sda1 sda2 < sda5 >
Jul 29 00:37:18 debian kernel: [    6.292461] sd 0:0:0:0: [sda] Attached SCSI disk
Jul 29 00:37:18 debian kernel: [    6.422698] sd 0:0:0:0: Attached scsi generic sg0 type 0
Jul 29 00:37:18 debian kernel: [    6.432536] sr 1:0:0:0: Attached scsi generic sg1 type 5
Jul 29 00:37:18 debian kernel: [    7.325582] PM: Starting manual resume from disk
Jul 29 00:37:18 debian kernel: [    7.325642] PM: Hibernation image partition 8:5 present
Jul 29 00:37:18 debian kernel: [    7.325663] PM: Looking for hibernation image.
Jul 29 00:37:18 debian kernel: [    7.327120] PM: Image not found (code -22)
Jul 29 00:37:18 debian kernel: [    7.327157] PM: Hibernation image not present or could not be loaded.
Jul 29 00:37:18 debian kernel: [    7.483100] EXT4-fs (sda1): INFO: recovery required on readonly filesystem
Jul 29 00:37:18 debian kernel: [    7.483153] EXT4-fs (sda1): write access will be enabled during recovery
Jul 29 00:37:18 debian kernel: [    9.550562] EXT4-fs (sda1): orphan cleanup on readonly fs
Jul 29 00:37:18 debian kernel: [    9.551135] EXT4-fs (sda1): ext4_orphan_cleanup: deleting unreferenced inode 262268
Jul 29 00:37:18 debian kernel: [    9.558601] EXT4-fs (sda1): ext4_orphan_cleanup: deleting unreferenced inode 30447
Jul 29 00:37:18 debian kernel: [    9.558877] EXT4-fs (sda1): ext4_orphan_cleanup: deleting unreferenced inode 30436
Jul 29 00:37:18 debian kernel: [    9.559130] EXT4-fs (sda1): ext4_orphan_cleanup: deleting unreferenced inode 303976
Jul 29 00:37:18 debian kernel: [    9.559784] EXT4-fs (sda1): ext4_orphan_cleanup: deleting unreferenced inode 262252
Jul 29 00:37:18 debian kernel: [    9.560044] EXT4-fs (sda1): ext4_orphan_cleanup: deleting unreferenced inode 262251
Jul 29 00:37:18 debian kernel: [    9.560533] EXT4-fs (sda1): ext4_orphan_cleanup: deleting unreferenced inode 262225
Jul 29 00:37:18 debian kernel: [    9.560733] EXT4-fs (sda1): ext4_orphan_cleanup: deleting unreferenced inode 30439
Jul 29 00:37:18 debian kernel: [    9.560918] EXT4-fs (sda1): ext4_orphan_cleanup: deleting unreferenced inode 30442
Jul 29 00:37:18 debian kernel: [    9.561105] EXT4-fs (sda1): ext4_orphan_cleanup: deleting unreferenced inode 30412
Jul 29 00:37:18 debian kernel: [    9.561306] EXT4-fs (sda1): 10 orphan inodes deleted
Jul 29 00:37:18 debian kernel: [    9.561363] EXT4-fs (sda1): recovery complete
Jul 29 00:37:18 debian kernel: [   10.576441] EXT4-fs (sda1): mounted filesystem with ordered data mode. Opts: (null)
Jul 29 00:37:18 debian kernel: [   20.274358] input: PC Speaker as /devices/platform/pcspkr/input/input1
Jul 29 00:37:18 debian kernel: [   20.560674] piix4_smbus 0000:00:01.3: SMBus Host Controller at 0x700, revision 0
Jul 29 00:37:18 debian kernel: [   20.842742] input: Power Button as /devices/LNXSYSTM:00/LNXPWRBN:00/input/input2
Jul 29 00:37:18 debian kernel: [   20.848591] ACPI: Power Button [PWRF]
Jul 29 00:37:18 debian kernel: [   21.048821] input: ImExPS/2 Generic Explorer Mouse as /devices/platform/i8042/serio1/input/input3
Jul 29 00:37:18 debian kernel: [   22.503333] parport_pc 00:05: reported by Plug and Play ACPI
Jul 29 00:37:18 debian kernel: [   22.503832] parport0: PC-style at 0x378, irq 7 [PCSPP,TRISTATE]
Jul 29 00:37:18 debian kernel: [   34.141034] Adding 259068k swap on /dev/sda5.  Priority:-1 extents:1 across:259068k 
Jul 29 00:37:18 debian kernel: [   35.070500] EXT4-fs (sda1): re-mounted. Opts: (null)
Jul 29 00:37:18 debian kernel: [   36.957259] EXT4-fs (sda1): re-mounted. Opts: errors=remount-ro
Jul 29 00:37:18 debian kernel: [   39.057030] loop: module loaded
Jul 29 00:37:18 debian kernel: [   75.500073] RPC: Registered named UNIX socket transport module.
Jul 29 00:37:18 debian kernel: [   75.500670] RPC: Registered udp transport module.
Jul 29 00:37:18 debian kernel: [   75.500696] RPC: Registered tcp transport module.
Jul 29 00:37:18 debian kernel: [   75.500720] RPC: Registered tcp NFSv4.1 backchannel transport module.
Jul 29 00:37:18 debian kernel: [   75.646443] FS-Cache: Loaded
Jul 29 00:37:18 debian kernel: [   75.707459] FS-Cache: Netfs 'nfs' registered for caching
Jul 29 00:37:18 debian kernel: [   75.798670] Installing knfsd (copyright (C) 1996 okir@monad.swb.de).
Jul 29 00:37:27 debian kernel: [   97.450516] e1000: eth0 NIC Link is Up 1000 Mbps Full Duplex, Flow Control: RX
Jul 29 00:37:38 debian kernel: [  108.528547] eth0: no IPv6 routers present
Jul 29 00:37:41 debian kernel: [  111.617231] Bluetooth: Core ver 2.16
Jul 29 00:37:41 debian kernel: [  111.617913] NET: Registered protocol family 31
Jul 29 00:37:41 debian kernel: [  111.617956] Bluetooth: HCI device and connection manager initialized
Jul 29 00:37:41 debian kernel: [  111.618156] Bluetooth: HCI socket layer initialized
Jul 29 00:37:41 debian kernel: [  111.618229] Bluetooth: L2CAP socket layer initialized
Jul 29 00:37:41 debian kernel: [  111.618528] Bluetooth: SCO socket layer initialized
Jul 29 00:37:41 debian kernel: [  111.885235] Bluetooth: RFCOMM TTY layer initialized
Jul 29 00:37:41 debian kernel: [  111.885366] Bluetooth: RFCOMM socket layer initialized
Jul 29 00:37:41 debian kernel: [  111.885410] Bluetooth: RFCOMM ver 1.11
Jul 29 00:37:41 debian kernel: [  112.005279] Bluetooth: BNEP (Ethernet Emulation) ver 1.3
Jul 29 00:37:41 debian kernel: [  112.005343] Bluetooth: BNEP filters: protocol multicast
Jul 29 00:37:52 debian kernel: [  122.559066] lp0: using parport0 (interrupt-driven).
Jul 29 00:37:52 debian kernel: [  123.013380] ppdev: user-space parallel port driver
Jul 29 00:38:28 debian kernel: [  159.296516] eth0: no IPv6 routers present
Jul 29 00:39:17 debian kernel: [  207.744466] eth0: no IPv6 routers present
Jul 29 00:39:22 debian kernel: [  212.474763] colord-sane[3166]: segfault at 0 ip b7368a75 sp bfed82bc error 4 in libc-2.13.so[b72cd000+15e000]
Jul 29 00:40:08 debian kernel: [  258.960673] eth0: no IPv6 routers present
Jul 29 00:45:53 debian kernel: [  603.760508] eth0: no IPv6 routers present
Jul 29 00:46:43 debian kernel: [  653.577221] eth0: no IPv6 routers present
Jul 29 00:47:33 debian kernel: [  703.585300] eth0: no IPv6 routers present
Jul 29 00:48:21 debian kernel: [  752.360446] eth0: no IPv6 routers present
Jul 29 00:54:09 debian kernel: [ 1099.577498] eth0: no IPv6 routers present
Jul 29 00:54:58 debian kernel: [ 1148.808627] eth0: no IPv6 routers present
Jul 29 00:55:47 debian kernel: [ 1198.257351] eth0: no IPv6 routers present
Jul 29 00:56:36 debian kernel: [ 1246.473793] eth0: no IPv6 routers present
Jul 29 00:59:35 debian kernel: imklog 5.8.11, log source = /proc/kmsg started.
Jul 29 00:59:35 debian kernel: [    0.000000] Initializing cgroup subsys cpuset
Jul 29 00:59:35 debian kernel: [    0.000000] Initializing cgroup subsys cpu
Jul 29 00:59:35 debian kernel: [    0.000000] Linux version 3.2.0-4-686-pae (debian-kernel@lists.debian.org) (gcc version 4.6.3 (Debian 4.6.3-14) ) #1 SMP Debian 3.2.68-1+deb7u2
Jul 29 00:59:35 debian kernel: [    0.000000] BIOS-provided physical RAM map:
Jul 29 00:59:35 debian kernel: [    0.000000]  BIOS-e820: 0000000000000000 - 000000000009fc00 (usable)
Jul 29 00:59:35 debian kernel: [    0.000000]  BIOS-e820: 000000000009fc00 - 00000000000a0000 (reserved)
Jul 29 00:59:35 debian kernel: [    0.000000]  BIOS-e820: 00000000000f0000 - 0000000000100000 (reserved)
Jul 29 00:59:35 debian kernel: [    0.000000]  BIOS-e820: 0000000000100000 - 000000001ffe0000 (usable)
Jul 29 00:59:35 debian kernel: [    0.000000]  BIOS-e820: 000000001ffe0000 - 0000000020000000 (reserved)
Jul 29 00:59:35 debian kernel: [    0.000000]  BIOS-e820: 00000000fffc0000 - 0000000100000000 (reserved)
Jul 29 00:59:35 debian kernel: [    0.000000] Notice: NX (Execute Disable) protection missing in CPU!
Jul 29 00:59:35 debian kernel: [    0.000000] SMBIOS 2.8 present.
Jul 29 00:59:35 debian kernel: [    0.000000] DMI: QEMU Standard PC (i440FX + PIIX, 1996), BIOS 1.7.5-20150306_163512-brownie 04/01/2014
Jul 29 00:59:35 debian kernel: [    0.000000] e820 update range: 0000000000000000 - 0000000000010000 (usable) ==> (reserved)
Jul 29 00:59:35 debian kernel: [    0.000000] e820 remove range: 00000000000a0000 - 0000000000100000 (usable)
Jul 29 00:59:35 debian kernel: [    0.000000] last_pfn = 0x1ffe0 max_arch_pfn = 0x1000000
Jul 29 00:59:35 debian kernel: [    0.000000] found SMP MP-table at [c00f1090] f1090
Jul 29 00:59:35 debian kernel: [    0.000000] initial memory mapped : 0 - 01a00000
Jul 29 00:59:35 debian kernel: [    0.000000] Base memory trampoline at [c009b000] 9b000 size 16384
Jul 29 00:59:35 debian kernel: [    0.000000] init_memory_mapping: 0000000000000000-000000001ffe0000
Jul 29 00:59:35 debian kernel: [    0.000000]  0000000000 - 0000200000 page 4k
Jul 29 00:59:35 debian kernel: [    0.000000]  0000200000 - 001fe00000 page 2M
Jul 29 00:59:35 debian kernel: [    0.000000]  001fe00000 - 001ffe0000 page 4k
Jul 29 00:59:35 debian kernel: [    0.000000] kernel direct mapping tables up to 1ffe0000 @ 19f9000-1a00000
Jul 29 00:59:35 debian kernel: [    0.000000] RAMDISK: 1edcd000 - 1f77d000
Jul 29 00:59:35 debian kernel: [    0.000000] ACPI: RSDP 000f0ea0 00014 (v00 BOCHS )
Jul 29 00:59:35 debian kernel: [    0.000000] ACPI: RSDT 1ffe1853 00034 (v01 BOCHS  BXPCRSDT 00000001 BXPC 00000001)
Jul 29 00:59:35 debian kernel: [    0.000000] ACPI: FACP 1ffe0e48 00074 (v01 BOCHS  BXPCFACP 00000001 BXPC 00000001)
Jul 29 00:59:35 debian kernel: [    0.000000] ACPI: DSDT 1ffe0040 00E08 (v01 BOCHS  BXPCDSDT 00000001 BXPC 00000001)
Jul 29 00:59:35 debian kernel: [    0.000000] ACPI: FACS 1ffe0000 00040
Jul 29 00:59:35 debian kernel: [    0.000000] ACPI: SSDT 1ffe0ebc 008E7 (v01 BOCHS  BXPCSSDT 00000001 BXPC 00000001)
Jul 29 00:59:35 debian kernel: [    0.000000] ACPI: APIC 1ffe17a3 00078 (v01 BOCHS  BXPCAPIC 00000001 BXPC 00000001)
Jul 29 00:59:35 debian kernel: [    0.000000] ACPI: HPET 1ffe181b 00038 (v01 BOCHS  BXPCHPET 00000001 BXPC 00000001)
Jul 29 00:59:35 debian kernel: [    0.000000] ACPI: Local APIC address 0xfee00000
Jul 29 00:59:35 debian kernel: [    0.000000] 0MB HIGHMEM available.
Jul 29 00:59:35 debian kernel: [    0.000000] 511MB LOWMEM available.
Jul 29 00:59:35 debian kernel: [    0.000000]   mapped low ram: 0 - 1ffe0000
Jul 29 00:59:35 debian kernel: [    0.000000]   low ram: 0 - 1ffe0000
Jul 29 00:59:35 debian kernel: [    0.000000] Zone PFN ranges:
Jul 29 00:59:35 debian kernel: [    0.000000]   DMA      0x00000010 -> 0x00001000
Jul 29 00:59:35 debian kernel: [    0.000000]   Normal   0x00001000 -> 0x0001ffe0
Jul 29 00:59:35 debian kernel: [    0.000000]   HighMem  empty
Jul 29 00:59:35 debian kernel: [    0.000000] Movable zone start PFN for each node
Jul 29 00:59:35 debian kernel: [    0.000000] early_node_map[2] active PFN ranges
Jul 29 00:59:35 debian kernel: [    0.000000]     0: 0x00000010 -> 0x0000009f
Jul 29 00:59:35 debian kernel: [    0.000000]     0: 0x00000100 -> 0x0001ffe0
Jul 29 00:59:35 debian kernel: [    0.000000] On node 0 totalpages: 130927
Jul 29 00:59:35 debian kernel: [    0.000000] free_area_init_node: node 0, pgdat c1414800, node_mem_map dfbdf200
Jul 29 00:59:35 debian kernel: [    0.000000]   DMA zone: 32 pages used for memmap
Jul 29 00:59:35 debian kernel: [    0.000000]   DMA zone: 0 pages reserved
Jul 29 00:59:35 debian kernel: [    0.000000]   DMA zone: 3951 pages, LIFO batch:0
Jul 29 00:59:35 debian kernel: [    0.000000]   Normal zone: 992 pages used for memmap
Jul 29 00:59:35 debian kernel: [    0.000000]   Normal zone: 125952 pages, LIFO batch:31
Jul 29 00:59:35 debian kernel: [    0.000000] Using APIC driver default
Jul 29 00:59:35 debian kernel: [    0.000000] ACPI: PM-Timer IO Port: 0x608
Jul 29 00:59:35 debian kernel: [    0.000000] ACPI: Local APIC address 0xfee00000
Jul 29 00:59:35 debian kernel: [    0.000000] ACPI: LAPIC (acpi_id[0x00] lapic_id[0x00] enabled)
Jul 29 00:59:35 debian kernel: [    0.000000] ACPI: LAPIC_NMI (acpi_id[0xff] dfl dfl lint[0x1])
Jul 29 00:59:35 debian kernel: [    0.000000] ACPI: IOAPIC (id[0x00] address[0xfec00000] gsi_base[0])
Jul 29 00:59:35 debian kernel: [    0.000000] IOAPIC[0]: apic_id 0, version 17, address 0xfec00000, GSI 0-23
Jul 29 00:59:35 debian kernel: [    0.000000] ACPI: INT_SRC_OVR (bus 0 bus_irq 0 global_irq 2 dfl dfl)
Jul 29 00:59:35 debian kernel: [    0.000000] ACPI: INT_SRC_OVR (bus 0 bus_irq 5 global_irq 5 high level)
Jul 29 00:59:35 debian kernel: [    0.000000] ACPI: INT_SRC_OVR (bus 0 bus_irq 9 global_irq 9 high level)
Jul 29 00:59:35 debian kernel: [    0.000000] ACPI: INT_SRC_OVR (bus 0 bus_irq 10 global_irq 10 high level)
Jul 29 00:59:35 debian kernel: [    0.000000] ACPI: INT_SRC_OVR (bus 0 bus_irq 11 global_irq 11 high level)
Jul 29 00:59:35 debian kernel: [    0.000000] ACPI: IRQ0 used by override.
Jul 29 00:59:35 debian kernel: [    0.000000] ACPI: IRQ2 used by override.
Jul 29 00:59:35 debian kernel: [    0.000000] ACPI: IRQ5 used by override.
Jul 29 00:59:35 debian kernel: [    0.000000] ACPI: IRQ9 used by override.
Jul 29 00:59:35 debian kernel: [    0.000000] ACPI: IRQ10 used by override.
Jul 29 00:59:35 debian kernel: [    0.000000] ACPI: IRQ11 used by override.
Jul 29 00:59:35 debian kernel: [    0.000000] Using ACPI (MADT) for SMP configuration information
Jul 29 00:59:35 debian kernel: [    0.000000] ACPI: HPET id: 0x8086a201 base: 0xfed00000
Jul 29 00:59:35 debian kernel: [    0.000000] SMP: Allowing 1 CPUs, 0 hotplug CPUs
Jul 29 00:59:35 debian kernel: [    0.000000] nr_irqs_gsi: 40
Jul 29 00:59:35 debian kernel: [    0.000000] PM: Registered nosave memory: 000000000009f000 - 00000000000a0000
Jul 29 00:59:35 debian kernel: [    0.000000] PM: Registered nosave memory: 00000000000a0000 - 00000000000f0000
Jul 29 00:59:35 debian kernel: [    0.000000] PM: Registered nosave memory: 00000000000f0000 - 0000000000100000
Jul 29 00:59:35 debian kernel: [    0.000000] Allocating PCI resources starting at 20000000 (gap: 20000000:dffc0000)
Jul 29 00:59:35 debian kernel: [    0.000000] Booting paravirtualized kernel on bare hardware
Jul 29 00:59:35 debian kernel: [    0.000000] setup_percpu: NR_CPUS:32 nr_cpumask_bits:32 nr_cpu_ids:1 nr_node_ids:1
Jul 29 00:59:35 debian kernel: [    0.000000] PERCPU: Embedded 14 pages/cpu @dfbcd000 s33344 r0 d24000 u57344
Jul 29 00:59:35 debian kernel: [    0.000000] pcpu-alloc: s33344 r0 d24000 u57344 alloc=14*4096
Jul 29 00:59:35 debian kernel: [    0.000000] pcpu-alloc: [0] 0 
Jul 29 00:59:35 debian kernel: [    0.000000] Built 1 zonelists in Zone order, mobility grouping on.  Total pages: 129903
Jul 29 00:59:35 debian kernel: [    0.000000] Kernel command line: BOOT_IMAGE=/boot/vmlinuz-3.2.0-4-686-pae root=UUID=48d04725-059b-4d04-ae38-e92660528d27 ro quiet
Jul 29 00:59:35 debian kernel: [    0.000000] PID hash table entries: 2048 (order: 1, 8192 bytes)
Jul 29 00:59:35 debian kernel: [    0.000000] Dentry cache hash table entries: 65536 (order: 6, 262144 bytes)
Jul 29 00:59:35 debian kernel: [    0.000000] Inode-cache hash table entries: 32768 (order: 5, 131072 bytes)
Jul 29 00:59:35 debian kernel: [    0.000000] Initializing CPU#0
Jul 29 00:59:35 debian kernel: [    0.000000] Initializing HighMem for node 0 (00000000:00000000)
Jul 29 00:59:35 debian kernel: [    0.000000] Memory: 503968k/524160k available (2860k kernel code, 19740k reserved, 1348k data, 424k init, 0k highmem)
Jul 29 00:59:35 debian kernel: [    0.000000] virtual kernel memory layout:
Jul 29 00:59:35 debian kernel: [    0.000000]     fixmap  : 0xffd36000 - 0xfffff000   (2852 kB)
Jul 29 00:59:35 debian kernel: [    0.000000]     pkmap   : 0xffa00000 - 0xffc00000   (2048 kB)
Jul 29 00:59:35 debian kernel: [    0.000000]     vmalloc : 0xe07e0000 - 0xff9fe000   ( 498 MB)
Jul 29 00:59:35 debian kernel: [    0.000000]     lowmem  : 0xc0000000 - 0xdffe0000   ( 511 MB)
Jul 29 00:59:35 debian kernel: [    0.000000]       .init : 0xc141d000 - 0xc1487000   ( 424 kB)
Jul 29 00:59:35 debian kernel: [    0.000000]       .data : 0xc12cb100 - 0xc141c200   (1348 kB)
Jul 29 00:59:35 debian kernel: [    0.000000]       .text : 0xc1000000 - 0xc12cb100   (2860 kB)
Jul 29 00:59:35 debian kernel: [    0.000000] Checking if this processor honours the WP bit even in supervisor mode...Ok.
Jul 29 00:59:35 debian kernel: [    0.000000] Hierarchical RCU implementation.
Jul 29 00:59:35 debian kernel: [    0.000000] 	RCU dyntick-idle grace-period acceleration is enabled.
Jul 29 00:59:35 debian kernel: [    0.000000] NR_IRQS:2304 nr_irqs:256 16
Jul 29 00:59:35 debian kernel: [    0.000000] CPU 0 irqstacks, hard=de806000 soft=de808000
Jul 29 00:59:35 debian kernel: [    0.000000] Console: colour VGA+ 80x25
Jul 29 00:59:35 debian kernel: [    0.000000] console [tty0] enabled
Jul 29 00:59:35 debian kernel: [    0.000000] hpet clockevent registered
Jul 29 00:59:35 debian kernel: [    0.000000] Fast TSC calibration using PIT
Jul 29 00:59:35 debian kernel: [    0.000000] Detected 2294.341 MHz processor.
Jul 29 00:59:35 debian kernel: [    0.004323] Calibrating delay loop (skipped), value calculated using timer frequency.. 4588.68 BogoMIPS (lpj=9177364)
Jul 29 00:59:35 debian kernel: [    0.004581] pid_max: default: 32768 minimum: 301
Jul 29 00:59:35 debian kernel: [    0.008792] Security Framework initialized
Jul 29 00:59:35 debian kernel: [    0.009782] AppArmor: AppArmor disabled by boot time parameter
Jul 29 00:59:35 debian kernel: [    0.010167] Mount-cache hash table entries: 512
Jul 29 00:59:35 debian kernel: [    0.016725] Initializing cgroup subsys cpuacct
Jul 29 00:59:35 debian kernel: [    0.016963] Initializing cgroup subsys memory
Jul 29 00:59:35 debian kernel: [    0.017380] Initializing cgroup subsys devices
Jul 29 00:59:35 debian kernel: [    0.017452] Initializing cgroup subsys freezer
Jul 29 00:59:35 debian kernel: [    0.017495] Initializing cgroup subsys net_cls
Jul 29 00:59:35 debian kernel: [    0.017538] Initializing cgroup subsys blkio
Jul 29 00:59:35 debian kernel: [    0.017609] Initializing cgroup subsys perf_event
Jul 29 00:59:35 debian kernel: [    0.020415] SMP alternatives: switching to UP code
Jul 29 00:59:35 debian kernel: [    0.045053] Freeing SMP alternatives: 8k freed
Jul 29 00:59:35 debian kernel: [    0.045223] ACPI: Core revision 20110623
Jul 29 00:59:35 debian kernel: [    0.072572] Enabling APIC mode:  Flat.  Using 1 I/O APICs
Jul 29 00:59:35 debian kernel: [    0.075070] ..TIMER: vector=0x30 apic1=0 pin1=2 apic2=-1 pin2=-1
Jul 29 00:59:35 debian kernel: [    0.115473] CPU0: Intel QEMU Virtual CPU version 2.2.0 stepping 03
Jul 29 00:59:35 debian kernel: [    0.116006] Performance Events: Broken PMU hardware detected, using software events only.
Jul 29 00:59:35 debian kernel: [    0.117567] NMI watchdog disabled (cpu0): hardware events not enabled
Jul 29 00:59:35 debian kernel: [    0.118105] Brought up 1 CPUs
Jul 29 00:59:35 debian kernel: [    0.118185] Total of 1 processors activated (4588.68 BogoMIPS).
Jul 29 00:59:35 debian kernel: [    0.128949] devtmpfs: initialized
Jul 29 00:59:35 debian kernel: [    0.138289] print_constraints: dummy: 
Jul 29 00:59:35 debian kernel: [    0.139850] NET: Registered protocol family 16
Jul 29 00:59:35 debian kernel: [    0.142859] ACPI: bus type pci registered
Jul 29 00:59:35 debian kernel: [    0.145268] PCI: PCI BIOS revision 2.10 entry at 0xfd424, last bus=0
Jul 29 00:59:35 debian kernel: [    0.145336] PCI: Using configuration type 1 for base access
Jul 29 00:59:35 debian kernel: [    0.154962] bio: create slab <bio-0> at 0
Jul 29 00:59:35 debian kernel: [    0.157199] ACPI: Added _OSI(Module Device)
Jul 29 00:59:35 debian kernel: [    0.157236] ACPI: Added _OSI(Processor Device)
Jul 29 00:59:35 debian kernel: [    0.157257] ACPI: Added _OSI(3.0 _SCP Extensions)
Jul 29 00:59:35 debian kernel: [    0.157277] ACPI: Added _OSI(Processor Aggregator Device)
Jul 29 00:59:35 debian kernel: [    0.163016] ACPI: EC: Look up EC in DSDT
Jul 29 00:59:35 debian kernel: [    0.181874] ACPI: Interpreter enabled
Jul 29 00:59:35 debian kernel: [    0.181925] ACPI: (supports S0 S3 S4 S5)
Jul 29 00:59:35 debian kernel: [    0.182775] ACPI: Using IOAPIC for interrupt routing
Jul 29 00:59:35 debian kernel: [    0.223799] ACPI: No dock devices found.
Jul 29 00:59:35 debian kernel: [    0.223861] HEST: Table not found.
Jul 29 00:59:35 debian kernel: [    0.224071] PCI: Using host bridge windows from ACPI; if necessary, use "pci=nocrs" and report a bug
Jul 29 00:59:35 debian kernel: [    0.226725] ACPI: PCI Root Bridge [PCI0] (domain 0000 [bus 00-ff])
Jul 29 00:59:35 debian kernel: [    0.229330] pci_root PNP0A03:00: host bridge window [io  0x0000-0x0cf7]
Jul 29 00:59:35 debian kernel: [    0.229379] pci_root PNP0A03:00: host bridge window [io  0x0d00-0xadff]
Jul 29 00:59:35 debian kernel: [    0.229403] pci_root PNP0A03:00: host bridge window [io  0xae0f-0xaeff]
Jul 29 00:59:35 debian kernel: [    0.229425] pci_root PNP0A03:00: host bridge window [io  0xaf20-0xafdf]
Jul 29 00:59:35 debian kernel: [    0.229448] pci_root PNP0A03:00: host bridge window [io  0xafe4-0xffff]
Jul 29 00:59:35 debian kernel: [    0.229512] pci_root PNP0A03:00: host bridge window [mem 0x000a0000-0x000bffff]
Jul 29 00:59:35 debian kernel: [    0.229537] pci_root PNP0A03:00: host bridge window [mem 0x20000000-0xfebfffff]
Jul 29 00:59:35 debian kernel: [    0.230779] pci 0000:00:00.0: [8086:1237] type 0 class 0x000600
Jul 29 00:59:35 debian kernel: [    0.232136] pci 0000:00:01.0: [8086:7000] type 0 class 0x000601
Jul 29 00:59:35 debian kernel: [    0.232423] pci 0000:00:01.1: [8086:7010] type 0 class 0x000101
Jul 29 00:59:35 debian kernel: [    0.234601] pci 0000:00:01.1: reg 20: [io  0xc040-0xc04f]
Jul 29 00:59:35 debian kernel: [    0.235683] pci 0000:00:01.3: [8086:7113] type 0 class 0x000680
Jul 29 00:59:35 debian kernel: [    0.236199] pci 0000:00:01.3: quirk: [io  0x0600-0x063f] claimed by PIIX4 ACPI
Jul 29 00:59:35 debian kernel: [    0.236253] pci 0000:00:01.3: quirk: [io  0x0700-0x070f] claimed by PIIX4 SMB
Jul 29 00:59:35 debian kernel: [    0.236413] pci 0000:00:02.0: [1234:1111] type 0 class 0x000300
Jul 29 00:59:35 debian kernel: [    0.237261] pci 0000:00:02.0: reg 10: [mem 0xfd000000-0xfdffffff pref]
Jul 29 00:59:35 debian kernel: [    0.238799] pci 0000:00:02.0: reg 18: [mem 0xfebf0000-0xfebf0fff]
Jul 29 00:59:35 debian kernel: [    0.242244] pci 0000:00:02.0: reg 30: [mem 0xfebe0000-0xfebeffff pref]
Jul 29 00:59:35 debian kernel: [    0.242370] pci 0000:00:03.0: [8086:100e] type 0 class 0x000200
Jul 29 00:59:35 debian kernel: [    0.243183] pci 0000:00:03.0: reg 10: [mem 0xfebc0000-0xfebdffff]
Jul 29 00:59:35 debian kernel: [    0.244080] pci 0000:00:03.0: reg 14: [io  0xc000-0xc03f]
Jul 29 00:59:35 debian kernel: [    0.248461] pci 0000:00:03.0: reg 30: [mem 0xfeb80000-0xfebbffff pref]
Jul 29 00:59:35 debian kernel: [    0.248838] pci_bus 0000:00: on NUMA node 0
Jul 29 00:59:35 debian kernel: [    0.248966] ACPI: PCI Interrupt Routing Table [\_SB_.PCI0._PRT]
Jul 29 00:59:35 debian kernel: [    0.805010]  pci0000:00: Unable to request _OSC control (_OSC support mask: 0x1e)
Jul 29 00:59:35 debian kernel: [    0.832146] ACPI: PCI Interrupt Link [LNKA] (IRQs 5 *10 11)
Jul 29 00:59:35 debian kernel: [    0.833050] ACPI: PCI Interrupt Link [LNKB] (IRQs 5 *10 11)
Jul 29 00:59:35 debian kernel: [    0.833601] ACPI: PCI Interrupt Link [LNKC] (IRQs 5 10 *11)
Jul 29 00:59:35 debian kernel: [    0.834144] ACPI: PCI Interrupt Link [LNKD] (IRQs 5 10 *11)
Jul 29 00:59:35 debian kernel: [    0.834442] ACPI: PCI Interrupt Link [LNKS] (IRQs *9)
Jul 29 00:59:35 debian kernel: [    0.837467] vgaarb: device added: PCI:0000:00:02.0,decodes=io+mem,owns=io+mem,locks=none
Jul 29 00:59:35 debian kernel: [    0.837522] vgaarb: loaded
Jul 29 00:59:35 debian kernel: [    0.837565] vgaarb: bridge control possible 0000:00:02.0
Jul 29 00:59:35 debian kernel: [    0.838367] PCI: Using ACPI for IRQ routing
Jul 29 00:59:35 debian kernel: [    0.838508] PCI: pci_cache_line_size set to 32 bytes
Jul 29 00:59:35 debian kernel: [    0.839015] reserve RAM buffer: 000000000009fc00 - 000000000009ffff 
Jul 29 00:59:35 debian kernel: [    0.839163] reserve RAM buffer: 000000001ffe0000 - 000000001fffffff 
Jul 29 00:59:35 debian kernel: [    0.844989] HPET: 3 timers in total, 0 timers will be used for per-cpu timer
Jul 29 00:59:35 debian kernel: [    0.845275] hpet0: at MMIO 0xfed00000, IRQs 2, 8, 0
Jul 29 00:59:35 debian kernel: [    0.845435] hpet0: 3 comparators, 64-bit 100.000000 MHz counter
Jul 29 00:59:35 debian kernel: [    0.853718] Switching to clocksource hpet
Jul 29 00:59:35 debian kernel: [    0.880689] pnp: PnP ACPI init
Jul 29 00:59:35 debian kernel: [    0.880872] ACPI: bus type pnp registered
Jul 29 00:59:35 debian kernel: [    0.882181] pnp 00:00: [bus 00-ff]
Jul 29 00:59:35 debian kernel: [    0.882338] pnp 00:00: [io  0x0cf8-0x0cff]
Jul 29 00:59:35 debian kernel: [    0.882418] pnp 00:00: [io  0x0000-0x0cf7 window]
Jul 29 00:59:35 debian kernel: [    0.882443] pnp 00:00: [io  0x0d00-0xadff window]
Jul 29 00:59:35 debian kernel: [    0.882465] pnp 00:00: [io  0xae0f-0xaeff window]
Jul 29 00:59:35 debian kernel: [    0.882487] pnp 00:00: [io  0xaf20-0xafdf window]
Jul 29 00:59:35 debian kernel: [    0.882508] pnp 00:00: [io  0xafe4-0xffff window]
Jul 29 00:59:35 debian kernel: [    0.882614] pnp 00:00: [mem 0x000a0000-0x000bffff window]
Jul 29 00:59:35 debian kernel: [    0.882652] pnp 00:00: [mem 0x20000000-0xfebfffff window]
Jul 29 00:59:35 debian kernel: [    0.883405] pnp 00:00: Plug and Play ACPI device, IDs PNP0a03 (active)
Jul 29 00:59:35 debian kernel: [    0.883737] pnp 00:01: [io  0x0070-0x0071]
Jul 29 00:59:35 debian kernel: [    0.884348] pnp 00:01: [irq 8]
Jul 29 00:59:35 debian kernel: [    0.884416] pnp 00:01: [io  0x0072-0x0077]
Jul 29 00:59:35 debian kernel: [    0.884714] pnp 00:01: Plug and Play ACPI device, IDs PNP0b00 (active)
Jul 29 00:59:35 debian kernel: [    0.884933] pnp 00:02: [io  0x0060]
Jul 29 00:59:35 debian kernel: [    0.884957] pnp 00:02: [io  0x0064]
Jul 29 00:59:35 debian kernel: [    0.885000] pnp 00:02: [irq 1]
Jul 29 00:59:35 debian kernel: [    0.885253] pnp 00:02: Plug and Play ACPI device, IDs PNP0303 (active)
Jul 29 00:59:35 debian kernel: [    0.885448] pnp 00:03: [irq 12]
Jul 29 00:59:35 debian kernel: [    0.885700] pnp 00:03: Plug and Play ACPI device, IDs PNP0f13 (active)
Jul 29 00:59:35 debian kernel: [    0.886069] pnp 00:04: [io  0x03f2-0x03f5]
Jul 29 00:59:35 debian kernel: [    0.886094] pnp 00:04: [io  0x03f7]
Jul 29 00:59:35 debian kernel: [    0.886135] pnp 00:04: [irq 6]
Jul 29 00:59:35 debian kernel: [    0.886269] pnp 00:04: [dma 2]
Jul 29 00:59:35 debian kernel: [    0.886561] pnp 00:04: Plug and Play ACPI device, IDs PNP0700 (active)
Jul 29 00:59:35 debian kernel: [    0.886862] pnp 00:05: [io  0x0378-0x037f]
Jul 29 00:59:35 debian kernel: [    0.886908] pnp 00:05: [irq 7]
Jul 29 00:59:35 debian kernel: [    0.887177] pnp 00:05: Plug and Play ACPI device, IDs PNP0400 (active)
Jul 29 00:59:35 debian kernel: [    0.887463] pnp 00:06: [io  0x03f8-0x03ff]
Jul 29 00:59:35 debian kernel: [    0.887508] pnp 00:06: [irq 4]
Jul 29 00:59:35 debian kernel: [    0.887778] pnp 00:06: Plug and Play ACPI device, IDs PNP0501 (active)
Jul 29 00:59:35 debian kernel: [    0.889467] pnp 00:07: [mem 0xfed00000-0xfed003ff]
Jul 29 00:59:35 debian kernel: [    0.889821] pnp 00:07: Plug and Play ACPI device, IDs PNP0103 (active)
Jul 29 00:59:35 debian kernel: [    0.890851] pnp 00:08: [io  0xaf00-0xaf1f]
Jul 29 00:59:35 debian kernel: [    0.891198] pnp 00:08: Plug and Play ACPI device, IDs PNP0a06 (active)
Jul 29 00:59:35 debian kernel: [    0.891261] pnp: PnP ACPI: found 9 devices
Jul 29 00:59:35 debian kernel: [    0.891323] ACPI: ACPI bus type pnp unregistered
Jul 29 00:59:35 debian kernel: [    0.891402] PnPBIOS: Disabled by ACPI PNP
Jul 29 00:59:35 debian kernel: [    0.950111] PCI: max bus depth: 0 pci_try_num: 1
Jul 29 00:59:35 debian kernel: [    0.950525] pci_bus 0000:00: resource 4 [io  0x0000-0x0cf7]
Jul 29 00:59:35 debian kernel: [    0.950560] pci_bus 0000:00: resource 5 [io  0x0d00-0xadff]
Jul 29 00:59:35 debian kernel: [    0.950584] pci_bus 0000:00: resource 6 [io  0xae0f-0xaeff]
Jul 29 00:59:35 debian kernel: [    0.950607] pci_bus 0000:00: resource 7 [io  0xaf20-0xafdf]
Jul 29 00:59:35 debian kernel: [    0.950629] pci_bus 0000:00: resource 8 [io  0xafe4-0xffff]
Jul 29 00:59:35 debian kernel: [    0.950652] pci_bus 0000:00: resource 9 [mem 0x000a0000-0x000bffff]
Jul 29 00:59:35 debian kernel: [    0.950676] pci_bus 0000:00: resource 10 [mem 0x20000000-0xfebfffff]
Jul 29 00:59:35 debian kernel: [    0.951329] NET: Registered protocol family 2
Jul 29 00:59:35 debian kernel: [    0.983662] IP route cache hash table entries: 4096 (order: 2, 16384 bytes)
Jul 29 00:59:35 debian kernel: [    0.987398] TCP established hash table entries: 16384 (order: 5, 131072 bytes)
Jul 29 00:59:35 debian kernel: [    0.987742] TCP bind hash table entries: 16384 (order: 5, 131072 bytes)
Jul 29 00:59:35 debian kernel: [    0.988255] TCP: Hash tables configured (established 16384 bind 16384)
Jul 29 00:59:35 debian kernel: [    0.988342] TCP reno registered
Jul 29 00:59:35 debian kernel: [    0.988437] UDP hash table entries: 256 (order: 1, 8192 bytes)
Jul 29 00:59:35 debian kernel: [    0.988565] UDP-Lite hash table entries: 256 (order: 1, 8192 bytes)
Jul 29 00:59:35 debian kernel: [    0.990146] NET: Registered protocol family 1
Jul 29 00:59:35 debian kernel: [    0.990399] pci 0000:00:00.0: Limiting direct PCI/PCI transfers
Jul 29 00:59:35 debian kernel: [    0.990501] pci 0000:00:01.0: PIIX3: Enabling Passive Release
Jul 29 00:59:35 debian kernel: [    0.990721] pci 0000:00:01.0: Activating ISA DMA hang workarounds
Jul 29 00:59:35 debian kernel: [    0.990837] pci 0000:00:02.0: Boot video device
Jul 29 00:59:35 debian kernel: [    0.990937] PCI: CLS 0 bytes, default 32
Jul 29 00:59:35 debian kernel: [    0.994760] Unpacking initramfs...
